Component: ARM Compiler 5.06 (build 20) Tool: armlink [4d35a3]

==============================================================================

Section Cross References

    main.o(i.main) refers to hw_rcc.o(i._ZN8Hardware6HW_RCC4InitEv) for Hardware::HW_RCC::Init()
    main.o(i.main) refers to hw_spi.o(i._ZN8Hardware6HW_SPI4InitEv) for Hardware::HW_SPI::Init()
    main.o(i.main) refers to hw_rtc.o(i._ZN8Hardware6HW_RTC4InitEv) for Hardware::HW_RTC::Init()
    main.o(i.main) refers to atexit_aeabi.o(.text) for atexit
    main.o(i.main) refers to ledwrapper.o(i._ZN11Application10LedWrapper14InitLedWrapperEv) for Application::LedWrapper::InitLedWrapper()
    main.o(i.main) refers to displaymode.o(i._ZN11Application11DisplayMode13SetAuthorModeEv) for Application::DisplayMode::SetAuthorMode()
    main.o(i.main) refers to displaymode.o(i._ZN11Application11DisplayMode12SetEmptyModeEv) for Application::DisplayMode::SetEmptyMode()
    main.o(i.main) refers to displaymode.o(i._ZN11Application11DisplayMode19SetMatrixEffectModeEv) for Application::DisplayMode::SetMatrixEffectMode()
    main.o(i.main) refers to displaymode.o(i._ZN11Application11DisplayMode11SetTimeModeEv) for Application::DisplayMode::SetTimeMode()
    main.o(i.main) refers to ledwrapper.o(i._ZN11Application10LedWrapper14SetOrClearWordENS0_6eWordsEb) for Application::LedWrapper::SetOrClearWord(Application::LedWrapper::eWords, bool)
    main.o(i.main) refers to main.o(i._Z11ExitHandlerv) for ExitHandler()
    main.o(i.main) refers to ledwrapper.o(.data) for Application::LedWrapper::_eLedColor
    main.o(.ARM.exidx) refers to main.o(i._Z11ExitHandlerv) for i._Z11ExitHandlerv
    main.o(.ARM.exidx) refers to main.o(i.main) for i.main
    ledwrapper.o(i._ZN11Application10LedWrapper10ClearPanelEv) refers to max7219.o(i._ZN6Driver7MAX721918GetMax7219ByNumberEh) for Driver::MAX7219::GetMax7219ByNumber(unsigned char)
    ledwrapper.o(i._ZN11Application10LedWrapper10ClearPanelEv) refers to max7219.o(i._ZN6Driver7MAX72199ClearLEDsEv) for Driver::MAX7219::ClearLEDs()
    ledwrapper.o(i._ZN11Application10LedWrapper14InitLedWrapperEv) refers to max7219.o(i._ZN6Driver7MAX721918GetMax7219ByNumberEh) for Driver::MAX7219::GetMax7219ByNumber(unsigned char)
    ledwrapper.o(i._ZN11Application10LedWrapper14InitLedWrapperEv) refers to max7219.o(i._ZN6Driver7MAX72194InitEv) for Driver::MAX7219::Init()
    ledwrapper.o(i._ZN11Application10LedWrapper14SetOrClearWordENS0_6eWordsEb) refers to ledwrapper.o(i._ZN11Application10LedWrapper19SetOrClearSingleLEDEhhb) for Application::LedWrapper::SetOrClearSingleLED(unsigned char, unsigned char, bool)
    ledwrapper.o(i._ZN11Application10LedWrapper14SetOrClearWordENS0_6eWordsEb) refers to displaymode.o(.data) for Application::DisplayMode::_eDisplayMode
    ledwrapper.o(i._ZN11Application10LedWrapper15StartMatrixModeEv) refers to ledwrapper.o(i._ZN11Application10LedWrapper10ClearPanelEv) for Application::LedWrapper::ClearPanel()
    ledwrapper.o(i._ZN11Application10LedWrapper15StartMatrixModeEv) refers to stm32f10x_rtc.o(i.RTC_GetCounter) for RTC_GetCounter
    ledwrapper.o(i._ZN11Application10LedWrapper15StartMatrixModeEv) refers to rand.o(.text) for srand
    ledwrapper.o(i._ZN11Application10LedWrapper15StartMatrixModeEv) refers to rand.o(.emb_text) for rand
    ledwrapper.o(i._ZN11Application10LedWrapper15StartMatrixModeEv) refers to array_new.o(i._Znaj) for operator new[] (unsigned)
    ledwrapper.o(i._ZN11Application10LedWrapper15StartMatrixModeEv) refers to exit.o(.text) for exit
    ledwrapper.o(i._ZN11Application10LedWrapper15StartMatrixModeEv) refers to ledwrapper.o(t._ZNSt4listIhSaIhEEC1ERKS0_) for std::list<unsigned char, std::allocator<unsigned char>>::list(const std::allocator<unsigned char>&)
    ledwrapper.o(i._ZN11Application10LedWrapper15StartMatrixModeEv) refers to ledwrapper.o(t._ZNSt4listIhSaIhEE5beginEv) for std::list<unsigned char, std::allocator<unsigned char>>::begin()
    ledwrapper.o(i._ZN11Application10LedWrapper15StartMatrixModeEv) refers to ledwrapper.o(t._ZNSt4listIhSaIhEE3endEv) for std::list<unsigned char, std::allocator<unsigned char>>::end()
    ledwrapper.o(i._ZN11Application10LedWrapper15StartMatrixModeEv) refers to ledwrapper.o(t._ZNKSt14__rw_list_iterIhiPhRhEeqERKS2_) for std::__rw_list_iter<unsigned char, int, unsigned char*, unsigned char&>::operator ==(const std::__rw_list_iter<unsigned char, int, unsigned char*, unsigned char&>&) const
    ledwrapper.o(i._ZN11Application10LedWrapper15StartMatrixModeEv) refers to ledwrapper.o(t._ZNSt14__rw_list_iterIhiPhRhEC1ERKS2_) for std::__rw_list_iter<unsigned char, int, unsigned char*, unsigned char&>::__rw_list_iter(const std::__rw_list_iter<unsigned char, int, unsigned char*, unsigned char&>&)
[...]
    std::locale::_C_install_facet(__rw::__rw_facet_base*, const std::locale::id&) const 0x08005671   Thumb Code   110  locale.o(i._ZNKSt6locale16_C_install_facetEPN4__rw15__rw_facet_baseERKNS_2idE)
    std::locale::name() const                0x080056e5   Thumb Code    44  locale.o(i._ZNKSt6locale4nameEv)
    std::char_traits<char>::copy(char*, const char*, unsigned) 0x08005715   Thumb Code    12  char.o(i._ZNSt11char_traitsIcE4copyEPcPKcj)
    std::ctype_byname<char>::_C_get_mask_table(const char*) 0x08005721   Thumb Code   186  char.o(i._ZNSt12ctype_bynameIcE17_C_get_mask_tableEPKc)
    std::ctype_byname<char>::ctype_byname(const char*, unsigned) 0x080057ed   Thumb Code   280  char.o(i._ZNSt12ctype_bynameIcEC1EPKcj)
    std::ctype_byname<char>::ctype_byname__sub_object(const char*, unsigned) 0x080057ed   Thumb Code     0  char.o(i._ZNSt12ctype_bynameIcEC1EPKcj)
    std::ctype_byname<char>::~ctype_byname__deallocating() 0x0800590d   Thumb Code    14  char.o(i._ZNSt12ctype_bynameIcED0Ev)
    std::ctype_byname<char>::~ctype_byname() 0x0800591b   Thumb Code     8  char.o(i._ZNSt12ctype_bynameIcED1Ev)
    std::ctype_byname<char>::~ctype_byname__sub_object() 0x0800591b   Thumb Code     0  char.o(i._ZNSt12ctype_bynameIcED1Ev)
    std::__rw_exception::_C_vformat(int, std::__va_list) 0x08005925   Thumb Code   128  rwstdexcept.o(i._ZNSt14__rw_exception10_C_vformatEiSt9__va_list)
    std::__rw_exception::__rw_exception()    0x080059a9   Thumb Code    16  rwstdexcept.o(i._ZNSt14__rw_exceptionC1Ev)
    std::__rw_exception::__rw_exception__sub_object() 0x080059a9   Thumb Code     0  rwstdexcept.o(i._ZNSt14__rw_exceptionC1Ev)
    std::__rw_exception::~__rw_exception()   0x080059bd   Thumb Code    22  rwstdexcept.o(i._ZNSt14__rw_exceptionD1Ev)
    std::__rw_exception::~__rw_exception__sub_object() 0x080059bd   Thumb Code     0  rwstdexcept.o(i._ZNSt14__rw_exceptionD1Ev)
    std::__rw_messages_base::~__rw_messages_base() 0x080059d9   Thumb Code     8  rwstdexcept.o(i._ZNSt18__rw_messages_baseD1Ev)
    std::__rw_messages_base::~__rw_messages_base__sub_object() 0x080059d9   Thumb Code     0  rwstdexcept.o(i._ZNSt18__rw_messages_baseD1Ev)
    std::__rw_open_cat_data::__rw_open_cat_data() 0x080059e1   Thumb Code    26  messages.o(i._ZNSt18__rw_open_cat_dataC1Ev)
    std::__rw_open_cat_data::__rw_open_cat_data__sub_object() 0x080059e1   Thumb Code     0  messages.o(i._ZNSt18__rw_open_cat_dataC1Ev)
    std::__rw_open_cat_data::~__rw_open_cat_data() 0x080059fb   Thumb Code    12  messages.o(i._ZNSt18__rw_open_cat_dataD1Ev)
    std::__rw_open_cat_data::~__rw_open_cat_data__sub_object() 0x080059fb   Thumb Code     0  messages.o(i._ZNSt18__rw_open_cat_dataD1Ev)
    std::__rw_open_cat_data::operator =(const std::__rw_open_cat_data&) 0x08005a07   Thumb Code    18  messages.o(i._ZNSt18__rw_open_cat_dataaSERKS_)
    std::ctype<char>::_C_initfacet(const std::locale&) 0x08005a19   Thumb Code   250  char.o(i._ZNSt5ctypeIcE12_C_initfacetERKSt6locale)
    std::ctype<char>::ctype(const std::ctype_base::mask*, bool, unsigned) 0x08005b15   Thumb Code   270  char.o(i._ZNSt5ctypeIcEC1EPKNSt10ctype_base4maskEbj)
    std::ctype<char>::ctype__sub_object(const std::ctype_base::mask*, bool, unsigned) 0x08005b15   Thumb Code     0  char.o(i._ZNSt5ctypeIcEC1EPKNSt10ctype_base4maskEbj)
    std::ctype<char>::~ctype__deallocating() 0x08005c2d   Thumb Code    14  char.o(i._ZNSt5ctypeIcED0Ev)
    std::ctype<char>::~ctype()               0x08005c3d   Thumb Code    38  char.o(i._ZNSt5ctypeIcED1Ev)
    std::ctype<char>::~ctype__sub_object()   0x08005c3d   Thumb Code     0  char.o(i._ZNSt5ctypeIcED1Ev)
    std::locale::facet::~facet__deallocating() 0x08005c69   Thumb Code    14  rwstdexcept.o(i._ZNSt6locale5facetD0Ev)
    std::locale::_C_init()                   0x08005c79   Thumb Code   120  locale.o(i._ZNSt6locale7_C_initEv)
    std::locale::classic()                   0x08005cfd   Thumb Code    56  locale.o(i._ZNSt6locale7classicEv)
    std::locale::locale(__rw::__rw_locale_imp*) 0x08005d41   Thumb Code    28  locale.o(i._ZNSt6localeC1EPN4__rw15__rw_locale_impE)
    std::locale::locale__sub_object(__rw::__rw_locale_imp*) 0x08005d41   Thumb Code     0  locale.o(i._ZNSt6localeC1EPN4__rw15__rw_locale_impE)
    std::locale::locale(const std::locale&)  0x08005d61   Thumb Code    12  messages.o(i._ZNSt6localeC1ERKS_)
    std::locale::locale__sub_object(const std::locale&) 0x08005d61   Thumb Code     0  messages.o(i._ZNSt6localeC1ERKS_)
    std::locale::locale()                    0x08005d6d   Thumb Code    28  rwstdexcept.o(i._ZNSt6localeC1Ev)
    std::locale::locale__sub_object()        0x08005d6d   Thumb Code     0  rwstdexcept.o(i._ZNSt6localeC1Ev)
    std::locale::~locale()                   0x08005d8d   Thumb Code    32  locale.o(i._ZNSt6localeD1Ev)
    std::locale::~locale__sub_object()       0x08005d8d   Thumb Code     0  locale.o(i._ZNSt6localeD1Ev)
    std::locale::operator =(const std::locale&) 0x08005dad   Thumb Code    50  locale.o(i._ZNSt6localeaSERKS_)
    std::messages<char>::~messages__deallocating() 0x08005ddf   Thumb Code    14  rwstdexcept.o(i._ZNSt8messagesIcED0Ev)
    std::messages<char>::~messages()         0x08005ded   Thumb Code    16  rwstdexcept.o(i._ZNSt8messagesIcED1Ev)
    std::messages<char>::~messages__sub_object() 0x08005ded   Thumb Code     0  rwstdexcept.o(i._ZNSt8messagesIcED1Ev)
    std::exception::exception()              0x08005dfd   Thumb Code     6  exception_ctor.o(i._ZNSt9exceptionC1Ev)
    std::exception::exception__sub_object()  0x08005dfd   Thumb Code     0  exception_ctor.o(i._ZNSt9exceptionC1Ev)
    std::__rw_get_cats()                     0x08005e09   Thumb Code    44  messages.o(i._ZSt13__rw_get_catsv)
    operator delete[] (void*)                0x08005e45   Thumb Code     8  array_del.o(i._ZdaPv)
    operator delete (void*)                  0x08005e4d   Thumb Code     8  delete.o(i._ZdlPv)
    operator new[] (unsigned)                0x08005e55   Thumb Code     8  array_new.o(i._Znaj)
    operator new(unsigned)                   0x08005e5d   Thumb Code    34  new.o(i._Znwj)
    __ARM_array_new_general                  0x08005e85   Thumb Code   146  array_new_general.o(i.__ARM_array_new_general)
    __ARM_fpclassify                         0x08005f17   Thumb Code    40  fpclassify.o(i.__ARM_fpclassify)
    __aeabi_vec_dtor_cookie                  0x08005f3f   Thumb Code    16  aeabi_vec_dtor_cookie.o(i.__aeabi_vec_dtor_cookie)
    __aeabi_vec_new_cookie                   0x08005f4f   Thumb Code    20  aeabi_vec_new_cookie.o(i.__aeabi_vec_new_cookie)
    __cxa_guard_acquire                      0x08005f63   Thumb Code    16  cxa_guard_acquire.o(i.__cxa_guard_acquire)
    __cxa_vec_new                            0x08005f75   Thumb Code    18  cxa_vec_new.o(i.__cxa_vec_new)
    __mathlib_dbl_overflow                   0x08005f8d   Thumb Code    14  dunder.o(i.__mathlib_dbl_overflow)
    __mathlib_dbl_underflow                  0x08005f9d   Thumb Code    10  dunder.o(i.__mathlib_dbl_underflow)
    __mathlib_narrow                         0x08005fad   Thumb Code    16  narrow.o(i.__mathlib_narrow)
    __mathlib_tofloat                        0x08005fbd   Thumb Code   132  narrow.o(i.__mathlib_tofloat)
    __support_ldexp                          0x080060f5   Thumb Code    22  ldexp.o(i.__support_ldexp)
    _is_digit                                0x0800610b   Thumb Code    14  __printf_wp.o(i._is_digit)
    fputc                                    0x08006119   Thumb Code    26  fputc.o(i.fputc)
    frexp                                    0x08006135   Thumb Code    80  frexp.o(i.frexp)
    ldexp                                    0x0800618d   Thumb Code   116  ldexp.o(i.ldexp)
    main                                     0x08006201   Thumb Code    72  main.o(i.main)
    _get_lc_ctype                            0x08006251   Thumb Code    44  lc_ctype_c.o(locale$$code)
    _get_lc_numeric                          0x0800627d   Thumb Code    44  lc_numeric_c.o(locale$$code)
    __rw::__string_ref<char, std::char_traits<char>, std::allocator<char>>::_C_inc_ref() 0x080062a9   Thumb Code    14  char.o(t._ZN4__rw12__string_refIcSt11char_traitsIcESaIcEE10_C_inc_refEv)
    __rw::__rw_facet_maker<std::ctype<char>>::_C_maker_func(int, const char*, unsigned) 0x080062bd   Thumb Code    70  rwstdexcept.o(t._ZN4__rw16__rw_facet_makerISt5ctypeIcEE13_C_maker_funcEiPKcj)
    unsigned __rw::__rw_new_capacity<std::list<unsigned char, std::allocator<unsigned char>>>(unsigned, const T1*) 0x08006303   Thumb Code    30  ledwrapper.o(t._ZN4__rw17__rw_new_capacityISt4listIhSaIhEEEEjjPKT_)
    __rw::__rw_locale_vector<__rw::__rw_facet_base*>::resize(unsigned, __rw::__rw_facet_base*const &) 0x08006321   Thumb Code    86  locale.o(t._ZN4__rw18__rw_locale_vectorIPNS_15__rw_facet_baseEE6resizeEjRKS2_)
    __rw::__rw_locale_vector<__rw::__rw_facet_base*>::~__rw_locale_vector() 0x08006377   Thumb Code    14  locale.o(t._ZN4__rw18__rw_locale_vectorIPNS_15__rw_facet_baseEED1Ev)
    __rw::__rw_locale_vector<__rw::__rw_facet_base*>::~__rw_locale_vector__sub_object() 0x08006377   Thumb Code     0  locale.o(t._ZN4__rw18__rw_locale_vectorIPNS_15__rw_facet_baseEED1Ev)
    __rw::__rw_locale_vector<__rw::__rw_cat*>::~__rw_locale_vector() 0x08006385   Thumb Code    14  rwcats.o(t._ZN4__rw18__rw_locale_vectorIPNS_8__rw_catEED1Ev)
    __rw::__rw_locale_vector<__rw::__rw_cat*>::~__rw_locale_vector__sub_object() 0x08006385   Thumb Code     0  rwcats.o(t._ZN4__rw18__rw_locale_vectorIPNS_8__rw_catEED1Ev)
    __rw::__rw_locale_vector<std::basic_string<char, std::char_traits<char>, std::allocator<char>>>::~__rw_locale_vector() 0x08006395   Thumb Code    16  locale.o(t._ZN4__rw18__rw_locale_vectorISsED1Ev)
    __rw::__rw_locale_vector<std::basic_string<char, std::char_traits<char>, std::allocator<char>>>::~__rw_locale_vector__sub_object() 0x08006395   Thumb Code     0  locale.o(t._ZN4__rw18__rw_locale_vectorISsED1Ev)
    __rw::__rw_locale_vector<std::__rw_open_cat_data>::resize(unsigned) 0x080063a9   Thumb Code   122  messages.o(t._ZN4__rw18__rw_locale_vectorISt18__rw_open_cat_dataE6resizeEj)
    __rw::__rw_locale_vector<std::__rw_open_cat_data>::~__rw_locale_vector() 0x08006431   Thumb Code    16  messages.o(t._ZN4__rw18__rw_locale_vectorISt18__rw_open_cat_dataED1Ev)
    __rw::__rw_locale_vector<std::__rw_open_cat_data>::~__rw_locale_vector__sub_object() 0x08006431   Thumb Code     0  messages.o(t._ZN4__rw18__rw_locale_vectorISt18__rw_open_cat_dataED1Ev)
    std::__rw_list_iter<unsigned char, int, unsigned char*, unsigned char&>::operator ==(const std::__rw_list_iter<unsigned char, int, unsigned char*, unsigned char&>&) const 0x08006445   Thumb Code    18  ledwrapper.o(t._ZNKSt14__rw_list_iterIhiPhRhEeqERKS2_)
    std::__rw_list_iter<unsigned char, int, unsigned char*, unsigned char&>::operator !=(const std::__rw_list_iter<unsigned char, int, unsigned char*, unsigned char&>&) const 0x08006457   Thumb Code    20  ledwrapper.o(t._ZNKSt14__rw_list_iterIhiPhRhEneERKS2_)
    std::messages<char>::do_get(int, int, int, const std::basic_string<char, std::char_traits<char>, std::allocator<char>>&) const 0x0800646d   Thumb Code   136  rwstdexcept.o(t._ZNKSt8messagesIcE6do_getEiiiRKSs)
    std::messages<char>::do_open(const std::basic_string<char, std::char_traits<char>, std::allocator<char>>&, const std::locale&) const 0x080064fd   Thumb Code     6  rwstdexcept.o(t._ZNKSt8messagesIcE7do_openERKSsRKSt6locale)
    std::allocator<std::list<unsigned char, std::allocator<unsigned char>>::_C_list_node_buffer>::deallocate(std::list<unsigned char, std::allocator<unsigned char>>::_C_list_node_buffer*, unsigned) 0x08006503   Thumb Code    20  ledwrapper.o(t._ZNSaINSt4listIhSaIhEE19_C_list_node_bufferEE10deallocateEPS2_j)
    std::basic_string<char, std::char_traits<char>, std::allocator<char>>::_C_allocate(unsigned, unsigned, unsigned) 0x08006517   Thumb Code    50  locale.o(t._ZNSs11_C_allocateEjjj)
    std::basic_string<char, std::char_traits<char>, std::allocator<char>>::replace(unsigned, unsigned, const char*, unsigned) 0x08006549   Thumb Code    24  locale.o(t._ZNSs7replaceEjjPKcj)
    std::basic_string<char, std::char_traits<char>, std::allocator<char>>::replace(unsigned, unsigned, const char*, unsigned, unsigned, unsigned) 0x08006561   Thumb Code   352  char.o(t._ZNSs7replaceEjjPKcjjj)
    std::basic_string<char, std::char_traits<char>, std::allocator<char>>::_C_getRep(unsigned, unsigned) 0x080066c9   Thumb Code   108  char.o(t._ZNSs9_C_getRepEjj)
    std::basic_string<char, std::char_traits<char>, std::allocator<char>>::_C_unlink() 0x0800673d   Thumb Code    66  char.o(t._ZNSs9_C_unlinkEv)
    std::basic_string<char, std::char_traits<char>, std::allocator<char>>::basic_string(const char*, const std::allocator<char>&) 0x08006785   Thumb Code    52  locale.o(t._ZNSsC1EPKcRKSaIcE)
    std::basic_string<char, std::char_traits<char>, std::allocator<char>>::basic_string__sub_object(const char*, const std::allocator<char>&) 0x08006785   Thumb Code     0  locale.o(t._ZNSsC1EPKcRKSaIcE)
    std::basic_string<char, std::char_traits<char>, std::allocator<char>>::basic_string(const std::allocator<char>&) 0x080067bd   Thumb Code    12  locale.o(t._ZNSsC1ERKSaIcE)
    std::basic_string<char, std::char_traits<char>, std::allocator<char>>::basic_string__sub_object(const std::allocator<char>&) 0x080067bd   Thumb Code     0  locale.o(t._ZNSsC1ERKSaIcE)
    std::basic_string<char, std::char_traits<char>, std::allocator<char>>::basic_string(const std::basic_string<char, std::char_traits<char>, std::allocator<char>>&) 0x080067cd   Thumb Code    62  char.o(t._ZNSsC1ERKSs)
    std::basic_string<char, std::char_traits<char>, std::allocator<char>>::basic_string__sub_object(const std::basic_string<char, std::char_traits<char>, std::allocator<char>>&) 0x080067cd   Thumb Code     0  char.o(t._ZNSsC1ERKSs)
    std::basic_string<char, std::char_traits<char>, std::allocator<char>>::~basic_string() 0x0800680b   Thumb Code    12  char.o(t._ZNSsD1Ev)
    std::basic_string<char, std::char_traits<char>, std::allocator<char>>::~basic_string__sub_object() 0x0800680b   Thumb Code     0  char.o(t._ZNSsD1Ev)
    std::basic_string<char, std::char_traits<char>, std::allocator<char>>::operator =(const char*) 0x08006819   Thumb Code    70  locale.o(t._ZNSsaSEPKc)
    std::basic_string<char, std::char_traits<char>, std::allocator<char>>::operator =(const std::basic_string<char, std::char_traits<char>, std::allocator<char>>&) 0x08006865   Thumb Code    62  locale.o(t._ZNSsaSERKSs)
    std::__rw_list_iter<unsigned char, int, unsigned char*, unsigned char&>::__rw_list_iter(const std::__rw_list_iter<unsigned char, int, unsigned char*, unsigned char&>&) 0x080068a3   Thumb Code     6  ledwrapper.o(t._ZNSt14__rw_list_iterIhiPhRhEC1ERKS2_)
    std::__rw_list_iter<unsigned char, int, unsigned char*, unsigned char&>::__rw_list_iter__sub_object(const std::__rw_list_iter<unsigned char, int, unsigned char*, unsigned char&>&) 0x080068a3   Thumb Code     0  ledwrapper.o(t._ZNSt14__rw_list_iterIhiPhRhEC1ERKS2_)
    std::list<unsigned char, std::allocator<unsigned char>>::_C_get_node(bool) 0x080068a9   Thumb Code    46  ledwrapper.o(t._ZNSt4listIhSaIhEE11_C_get_nodeEb)
    std::list<unsigned char, std::allocator<unsigned char>>::_C_put_node(std::__rw_list_node<unsigned char>*) 0x080068d7   Thumb Code     8  ledwrapper.o(t._ZNSt4listIhSaIhEE11_C_put_nodeEPSt14__rw_list_nodeIhE)
    std::list<unsigned char, std::allocator<unsigned char>>::_C_make_iter(std::__rw_list_node<unsigned char>*const &) 0x080068df   Thumb Code    12  ledwrapper.o(t._ZNSt4listIhSaIhEE12_C_make_iterERKPSt14__rw_list_nodeIhE)
    std::list<unsigned char, std::allocator<unsigned char>>::_C_add_buffer(bool) 0x080068eb   Thumb Code   118  ledwrapper.o(t._ZNSt4listIhSaIhEE13_C_add_bufferEb)
    std::list<unsigned char, std::allocator<unsigned char>>::_C_free_buffers() 0x08006961   Thumb Code    68  ledwrapper.o(t._ZNSt4listIhSaIhEE15_C_free_buffersEv)
    std::list<unsigned char, std::allocator<unsigned char>>::end() 0x080069a5   Thumb Code    20  ledwrapper.o(t._ZNSt4listIhSaIhEE3endEv)
    std::list<unsigned char, std::allocator<unsigned char>>::begin() 0x080069b9   Thumb Code    18  ledwrapper.o(t._ZNSt4listIhSaIhEE5beginEv)
    std::list<unsigned char, std::allocator<unsigned char>>::erase(std::__rw_list_iter<unsigned char, int, unsigned char*, unsigned char&>) 0x080069cb   Thumb Code   116  ledwrapper.o(t._ZNSt4listIhSaIhEE5eraseESt14__rw_list_iterIhiPhRhE)
    std::list<unsigned char, std::allocator<unsigned char>>::insert(std::__rw_list_iter<unsigned char, int, unsigned char*, unsigned char&>, const unsigned char&) 0x08006a3f   Thumb Code    98  ledwrapper.o(t._ZNSt4listIhSaIhEE6insertESt14__rw_list_iterIhiPhRhERKh)
    std::list<unsigned char, std::allocator<unsigned char>>::list(const std::allocator<unsigned char>&) 0x08006aa1   Thumb Code    52  ledwrapper.o(t._ZNSt4listIhSaIhEEC1ERKS0_)
    std::list<unsigned char, std::allocator<unsigned char>>::list__sub_object(const std::allocator<unsigned char>&) 0x08006aa1   Thumb Code     0  ledwrapper.o(t._ZNSt4listIhSaIhEEC1ERKS0_)
    std::list<unsigned char, std::allocator<unsigned char>>::~list() 0x08006ad5   Thumb Code   120  ledwrapper.o(t._ZNSt4listIhSaIhEED1Ev)
    std::list<unsigned char, std::allocator<unsigned char>>::~list__sub_object() 0x08006ad5   Thumb Code     0  ledwrapper.o(t._ZNSt4listIhSaIhEED1Ev)
    const T1& std::max<unsigned>(const T1&, const T1&) 0x08006b4d   Thumb Code    12  char.o(t._ZSt3maxIjERKT_S2_S2_)
    __aeabi_d2f                              0x08006b59   Thumb Code     0  d2f.o(x$fpl$d2f)
    _d2f                                     0x08006b59   Thumb Code    98  d2f.o(x$fpl$d2f)
    __fpl_dcheck_NaN1                        0x08006bbd   Thumb Code    10  dcheck1.o(x$fpl$dcheck1)
    __fpl_dcmp_Inf                           0x08006bcd   Thumb Code    24  dcmpi.o(x$fpl$dcmpinf)
    __aeabi_cdcmpeq                          0x08006be5   Thumb Code     0  deqf.o(x$fpl$deqf)
    _dcmpeq                                  0x08006be5   Thumb Code   120  deqf.o(x$fpl$deqf)
    __aeabi_cdcmple                          0x08006c5d   Thumb Code     0  dleqf.o(x$fpl$dleqf)
    _dcmple                                  0x08006c5d   Thumb Code   120  dleqf.o(x$fpl$dleqf)
    __fpl_dcmple_InfNaN                      0x08006cbf   Thumb Code     0  dleqf.o(x$fpl$dleqf)
    __fpl_dnaninf                            0x08006cd5   Thumb Code   156  dnaninf.o(x$fpl$dnaninf)
    __aeabi_cdrcmple                         0x08006d71   Thumb Code     0  drleqf.o(x$fpl$drleqf)
    _drcmple                                 0x08006d71   Thumb Code   108  drleqf.o(x$fpl$drleqf)
    __fpl_fretinf                            0x08006ddd   Thumb Code    10  fretinf.o(x$fpl$fretinf)
    _printf_fp_dec                           0x08006de7   Thumb Code     4  printf1.o(x$fpl$printf1)
    _printf_fp_hex                           0x08006deb   Thumb Code     4  printf2.o(x$fpl$printf2)
    __fpl_return_NaN                         0x08006def   Thumb Code   100  retnan.o(x$fpl$retnan)
    __ARM_scalbn                             0x08006e53   Thumb Code    92  scalbn.o(x$fpl$scalbn)
    _scanf_real                              0x08006eaf   Thumb Code     4  scanf1.o(x$fpl$scanf1)
    _scanf_hex_real                          0x08006eb3   Thumb Code     4  scanf2.o(x$fpl$scanf2)
    _scanf_infnan                            0x08006eb7   Thumb Code     4  scanf2.o(x$fpl$scanf2)
    __fpl_cmpreturn                          0x08006ebb   Thumb Code    48  trapv.o(x$fpl$trapveneer)
    Application::Lookuptable::_cabfLookupTable 0x08006eea   Data         220  lookuptable.o(.constdata)
    __I$use$fp                               0x08006eea   Number         0  usenofp.o(x$fpl$usenofp)
    std::ctype<char>::_C_classic_table       0x08007024   Data         512  char.o(.constdata)
    __stdin_name                             0x08007265   Data           4  sys_io.o(.constdata)
    __stdout_name                            0x08007269   Data           4  sys_io.o(.constdata)
    __stderr_name                            0x0800726d   Data           4  sys_io.o(.constdata)
    vtable for std::locale::facet            0x0800732c   Data          20  rwstdexcept.o(.constdata__ZTVNSt6locale5facetE)
    vtable for std::ctype_byname<char>       0x08007340   Data          52  char.o(.constdata__ZTVSt12ctype_bynameIcE)
    vtable for std::__rw_exception           0x08007374   Data          20  rwstdexcept.o(.constdata__ZTVSt14__rw_exception)
    vtable for std::ctype<char>              0x08007388   Data          52  char.o(.constdata__ZTVSt5ctypeIcE)
    vtable for std::messages<char>           0x080073bc   Data          32  rwstdexcept.o(.constdata__ZTVSt8messagesIcE)
    vtable for std::exception                0x080073dc   Data          20  exception_dtor.o(.constdata__ZTVSt9exception)
    __rw::__rw_locale_imp::_C_category_name(int) const::string 0x080073f0   Data           1  locale.o(.constdata__ZZNK4__rw15__rw_locale_imp16_C_category_nameEiEs)
    std::basic_string<char, std::char_traits<char>, std::allocator<char>>::replace(unsigned, unsigned, const char*, unsigned, unsigned, unsigned)::string 0x080073f1   Data           1  char.o(.constdata__ZZNSs7replaceEjjPKcjjjEs)
    std::basic_string<char, std::char_traits<char>, std::allocator<char>>::_C_getRep(unsigned, unsigned)::string 0x080073f2   Data           1  char.o(.constdata__ZZNSs9_C_getRepEjjEs)
    std::messages<char>::messages(unsigned)::string 0x080073f3   Data           2  rwstdexcept.o(.constdata__ZZNSt8messagesIcEC1EjEs)
    Region$$Table$$Base                      0x0800766c   Number         0  anon$$obj.o(Region$$Table)
    Region$$Table$$Limit                     0x0800768c   Number         0  anon$$obj.o(Region$$Table)
    __aeabi_HUGE_VAL                         0x0800768c   Data           0  fpconst.o(c$$dinf)
    __aeabi_HUGE_VALL                        0x0800768c   Data           0  fpconst.o(c$$dinf)
    __aeabi_INFINITY                         0x0800768c   Data           0  fpconst.o(c$$dinf)
    __dInf                                   0x0800768c   Data           0  fpconst.o(c$$dinf)
    __huge_val                               0x0800768c   Data           0  fpconst.o(c$$dinf)
    __ctype                                  0x080076a1   Data           0  lc_ctype_c.o(locale$$data)
    __lcnull_start                           0x080077b0   Data           4  null_locale.o(locale$$data)
    SHT$$INIT_ARRAY$$Base                    0x080077d0   Number         0  max7219.o(.init_array)
    SHT$$INIT_ARRAY$$Limit                   0x080077e0   Number         0  rwcats.o(.init_array)
    Application::LedWrapper::_eLedColor      0x20000000   Data           1  ledwrapper.o(.data)
    Application::DisplayMode::_eDisplayMode  0x20000001   Data           1  displaymode.o(.data)
    __aeabi_stdin                            0x2000001c   Data           4  stdio_streams.o(.data)
    __aeabi_stdout                           0x20000020   Data           4  stdio_streams.o(.data)
    __aeabi_stderr                           0x20000024   Data           4  stdio_streams.o(.data)
    std::ctype<char>::id                     0x20000028   Data           4  char.o(.data)
    std::ctype<wchar_t>::id                  0x2000002c   Data           4  char.o(.data)
    std::locale::_C_classic                  0x20000038   Data           4  locale.o(.data)
    std::locale::_C_native                   0x2000003c   Data           4  locale.o(.data)
    std::locale::_C_global                   0x20000040   Data           4  locale.o(.data)
    std::codecvt<char, char, std::__mbstate_t>::id 0x20000044   Data           4  locale.o(.data)
    std::codecvt<wchar_t, char, std::__mbstate_t>::id 0x20000048   Data           4  locale.o(.data)
    __rw_throw_proc                          0x2000004c   Data           4  rwthrowproc_noex.o(.data)
    std::locale::id::_C_init() const::_C_id_gen 0x20000058   Data           4  locale.o(.data__ZZNKSt6locale2id7_C_initEvE9_C_id_gen)
    guard variable for std::__rw_get_cats()::__open_cats 0x2000005c   Data           4  messages.o(.data__ZZSt13__rw_get_catsvE11__open_cats)
    std::__rw_get_cats()::__open_cats        0x20000060   Data           8  messages.o(.data__ZZSt13__rw_get_catsvE11__open_cats)
    Driver::MAX7219::_aMAX7219               0x20000068   Data          56  max7219.o(.bss)
    _random_number_data                      0x200000f8   Data         228  rand.o(.bss)
    __stdin                                  0x200001f8   Data          84  stdio_streams.o(.bss)
    __stdout                                 0x2000024c   Data          84  stdio_streams.o(.bss)
    __stderr                                 0x200002a0   Data          84  stdio_streams.o(.bss)
    __libspace_start                         0x200002f4   Data          96  libspace.o(.bss)
    __temporary_stack_top$libspace           0x20000354   Data           0  libspace.o(.bss)
    std::basic_string<char, std::char_traits<char>, std::allocator<char>>::__nullref 0x20000380   Data          16  vendor.o(.bss__ZNSs9__nullrefE)



==============================================================================

Memory Map of the image

  Image Entry point : 0x08000285

  Load Region LR_1 (Base: 0x08000000, Size: 0x00007848, Max: 0xffffffff, ABSOLUTE)

    Execution Region ER_RO (Base: 0x08000000, Size: 0x000077e0, Max: 0xffffffff, ABSOLUTE)

    Base Addr    Size         Type   Attr      Idx    E Section Name        Object

    0x08000000   0x000000ec   Data   RO         2730    RESET               startup_stm32f10x_md.o
    0x080000ec   0x00000008   Code   RO         2797  * !!!main             c_w.l(__main.o)
    0x080000f4   0x00000034   Code   RO         4630    !!!scatter          c_w.l(__scatter.o)
    0x08000128   0x0000001a   Code   RO         4632    !!handler_copy      c_w.l(__scatter_copy.o)
    0x08000142   0x00000002   PAD
    0x08000144   0x0000001c   Code   RO         4634    !!handler_zi        c_w.l(__scatter_zi.o)
    0x08000160   0x00000000   Code   RO         4072    .ARM.Collect$$_printf_percent$$00000000  c_w.l(_printf_percent.o)
    0x08000160   0x00000006   Code   RO         4061    .ARM.Collect$$_printf_percent$$00000001  c_w.l(_printf_n.o)
    0x08000166   0x00000006   Code   RO         4063    .ARM.Collect$$_printf_percent$$00000002  c_w.l(_printf_p.o)
    0x0800016c   0x00000006   Code   RO         4068    .ARM.Collect$$_printf_percent$$00000003  c_w.l(_printf_f.o)
    0x08000172   0x00000006   Code   RO         4069    .ARM.Collect$$_printf_percent$$00000004  c_w.l(_printf_e.o)
    0x08000178   0x00000006   Code   RO         4070    .ARM.Collect$$_printf_percent$$00000005  c_w.l(_printf_g.o)
    0x0800017e   0x00000006   Code   RO         4071    .ARM.Collect$$_printf_percent$$00000006  c_w.l(_printf_a.o)
    0x08000184   0x0000000a   Code   RO         4076    .ARM.Collect$$_printf_percent$$00000007  c_w.l(_printf_ll.o)
    0x0800018e   0x00000006   Code   RO         4065    .ARM.Collect$$_printf_percent$$00000008  c_w.l(_printf_i.o)
    0x08000194   0x00000006   Code   RO         4066    .ARM.Collect$$_printf_percent$$00000009  c_w.l(_printf_d.o)
    0x0800019a   0x00000006   Code   RO         4067    .ARM.Collect$$_printf_percent$$0000000A  c_w.l(_printf_u.o)
    0x080001a0   0x00000006   Code   RO         4064    .ARM.Collect$$_printf_percent$$0000000B  c_w.l(_printf_o.o)
    0x080001a6   0x00000006   Code   RO         4062    .ARM.Collect$$_printf_percent$$0000000C  c_w.l(_printf_x.o)
    0x080001ac   0x00000006   Code   RO         4073    .ARM.Collect$$_printf_percent$$0000000D  c_w.l(_printf_lli.o)
    0x080001b2   0x00000006   Code   RO         4074    .ARM.Collect$$_printf_percent$$0000000E  c_w.l(_printf_lld.o)
    0x080001b8   0x00000006   Code   RO         4075    .ARM.Collect$$_printf_percent$$0000000F  c_w.l(_printf_llu.o)
    0x080001be   0x00000006   Code   RO         4080    .ARM.Collect$$_printf_percent$$00000010  c_w.l(_printf_llo.o)
    0x080001c4   0x00000006   Code   RO         4081    .ARM.Collect$$_printf_percent$$00000011  c_w.l(_printf_llx.o)
    0x080001ca   0x0000000a   Code   RO         4077    .ARM.Collect$$_printf_percent$$00000012  c_w.l(_printf_l.o)
    0x080001d4   0x00000006   Code   RO         4059    .ARM.Collect$$_printf_percent$$00000013  c_w.l(_printf_c.o)
    0x080001da   0x00000006   Code   RO         4060    .ARM.Collect$$_printf_percent$$00000014  c_w.l(_printf_s.o)
    0x080001e0   0x00000006   Code   RO         4078    .ARM.Collect$$_printf_percent$$00000015  c_w.l(_printf_lc.o)
    0x080001e6   0x00000006   Code   RO         4079    .ARM.Collect$$_printf_percent$$00000016  c_w.l(_printf_ls.o)
    0x080001ec   0x00000004   Code   RO         4338    .ARM.Collect$$_printf_percent$$00000017  c_w.l(_printf_percent_end.o)
    0x080001f0   0x00000002   Code   RO         4145    .ARM.Collect$$libinit$$00000000  c_w.l(libinit.o)
    0x080001f2   0x00000000   Code   RO         2973    .ARM.Collect$$libinit$$00000002  c_w.l(libinit2.o)
    0x080001f2   0x00000000   Code   RO         2975    .ARM.Collect$$libinit$$00000004  c_w.l(libinit2.o)
    0x080001f2   0x00000008   Code   RO         2976    .ARM.Collect$$libinit$$00000005  c_w.l(libinit2.o)
    0x080001fa   0x00000000   Code   RO         2978    .ARM.Collect$$libinit$$0000000A  c_w.l(libinit2.o)
    0x080001fa   0x00000000   Code   RO         2980    .ARM.Collect$$libinit$$0000000C  c_w.l(libinit2.o)
    0x080001fa   0x00000004   Code   RO         2981    .ARM.Collect$$libinit$$0000000D  c_w.l(libinit2.o)
    0x080001fe   0x00000000   Code   RO         2982    .ARM.Collect$$libinit$$0000000E  c_w.l(libinit2.o)
    0x080001fe   0x00000006   Code   RO         2983    .ARM.Collect$$libinit$$0000000F  c_w.l(libinit2.o)
    0x08000204   0x00000000   Code   RO         2985    .ARM.Collect$$libinit$$00000011  c_w.l(libinit2.o)
    0x08000204   0x0000000c   Code   RO         2986    .ARM.Collect$$libinit$$00000012  c_w.l(libinit2.o)
    0x08000210   0x00000000   Code   RO         2987    .ARM.Collect$$libinit$$00000013  c_w.l(libinit2.o)
    0x08000210   0x00000000   Code   RO         2989    .ARM.Collect$$libinit$$00000015  c_w.l(libinit2.o)
    0x08000210   0x0000000a   Code   RO         2990    .ARM.Collect$$libinit$$00000016  c_w.l(libinit2.o)
    0x0800021a   0x00000000   Code   RO         2991    .ARM.Collect$$libinit$$00000017  c_w.l(libinit2.o)
    0x0800021a   0x00000000   Code   RO         2993    .ARM.Collect$$libinit$$00000019  c_w.l(libinit2.o)
    0x0800021a   0x00000000   Code   RO         2995    .ARM.Collect$$libinit$$0000001B  c_w.l(libinit2.o)
    0x0800021a   0x00000000   Code   RO         2997    .ARM.Collect$$libinit$$0000001D  c_w.l(libinit2.o)
    0x0800021a   0x00000000   Code   RO         2999    .ARM.Collect$$libinit$$0000001F  c_w.l(libinit2.o)
    0x0800021a   0x00000000   Code   RO         3001    .ARM.Collect$$libinit$$00000021  c_w.l(libinit2.o)
    0x0800021a   0x00000000   Code   RO         3003    .ARM.Collect$$libinit$$00000023  c_w.l(libinit2.o)
    0x0800021a   0x00000004   Code   RO         3004    .ARM.Collect$$libinit$$00000024  c_w.l(libinit2.o)
    0x0800021e   0x00000000   Code   RO         3005    .ARM.Collect$$libinit$$00000025  c_w.l(libinit2.o)
    0x0800021e   0x00000000   Code   RO         3009    .ARM.Collect$$libinit$$0000002C  c_w.l(libinit2.o)
    0x0800021e   0x00000000   Code   RO         3011    .ARM.Collect$$libinit$$0000002E  c_w.l(libinit2.o)
    0x0800021e   0x00000000   Code   RO         3013    .ARM.Collect$$libinit$$00000030  c_w.l(libinit2.o)
    0x0800021e   0x00000004   Code   RO         3014    .ARM.Collect$$libinit$$00000031  c_w.l(libinit2.o)
    0x08000222   0x00000000   Code   RO         3015    .ARM.Collect$$libinit$$00000032  c_w.l(libinit2.o)
    0x08000222   0x00000002   Code   RO         3016    .ARM.Collect$$libinit$$00000033  c_w.l(libinit2.o)
    0x08000224   0x00000002   Code   RO         4146    .ARM.Collect$$libshutdown$$00000000  c_w.l(libshutdown.o)
    0x08000226   0x00000006   Code   RO         4406    .ARM.Collect$$libshutdown$$00000001  c_w.l(libshutdown2.o)
    0x0800022c   0x00000000   Code   RO         4407    .ARM.Collect$$libshutdown$$00000002  c_w.l(libshutdown2.o)
    0x0800022c   0x00000004   Code   RO         4408    .ARM.Collect$$libshutdown$$00000003  c_w.l(libshutdown2.o)
    0x08000230   0x00000000   Code   RO         4409    .ARM.Collect$$libshutdown$$00000004  c_w.l(libshutdown2.o)
    0x08000230   0x00000000   Code   RO         4412    .ARM.Collect$$libshutdown$$00000007  c_w.l(libshutdown2.o)
    0x08000230   0x00000000   Code   RO         4415    .ARM.Collect$$libshutdown$$0000000A  c_w.l(libshutdown2.o)
    0x08000230   0x00000000   Code   RO         4417    .ARM.Collect$$libshutdown$$0000000C  c_w.l(libshutdown2.o)
    0x08000230   0x00000000   Code   RO         4420    .ARM.Collect$$libshutdown$$0000000F  c_w.l(libshutdown2.o)
    0x08000230   0x00000002   Code   RO         4421    .ARM.Collect$$libshutdown$$00000010  c_w.l(libshutdown2.o)
    0x08000232   0x00000000   Code   RO         2965    .ARM.Collect$$rtentry$$00000000  c_w.l(__rtentry.o)
    0x08000232   0x00000000   Code   RO         3290    .ARM.Collect$$rtentry$$00000002  c_w.l(__rtentry2.o)
    0x08000232   0x00000006   Code   RO         3302    .ARM.Collect$$rtentry$$00000004  c_w.l(__rtentry4.o)
    0x08000238   0x00000000   Code   RO         3292    .ARM.Collect$$rtentry$$00000009  c_w.l(__rtentry2.o)
    0x08000238   0x00000004   Code   RO         3293    .ARM.Collect$$rtentry$$0000000A  c_w.l(__rtentry2.o)
    0x0800023c   0x00000000   Code   RO         3295    .ARM.Collect$$rtentry$$0000000C  c_w.l(__rtentry2.o)
    0x0800023c   0x00000008   Code   RO         3296    .ARM.Collect$$rtentry$$0000000D  c_w.l(__rtentry2.o)
    0x08000244   0x00000002   Code   RO         2966    .ARM.Collect$$rtexit$$00000000  c_w.l(rtexit.o)
    0x08000246   0x00000000   Code   RO         3305    .ARM.Collect$$rtexit$$00000002  c_w.l(rtexit2.o)
    0x08000246   0x00000004   Code   RO         3306    .ARM.Collect$$rtexit$$00000003  c_w.l(rtexit2.o)
    0x0800024a   0x00000006   Code   RO         3307    .ARM.Collect$$rtexit$$00000004  c_w.l(rtexit2.o)
    0x08000250   0x00000034   Code   RO         2783    .emb_text           c_w.l(rand.o)
    0x08000284   0x00000000   Code   RO         4309    .emb_text           c_w.l(maybetermalloc1.o)
    0x08000284   0x00000040   Code   RO         2731  * .text               startup_stm32f10x_md.o
    0x080002c4   0x0000003c   Code   RO         2784    .text               c_w.l(rand.o)
    0x08000300   0x00000012   Code   RO         2788    .text               c_w.l(exit.o)
    0x08000312   0x00000006   Code   RO         2795    .text               c_w.l(heapauxi.o)
    0x08000318   0x00000024   Code   RO         2802    .text               c_w.l(init_aeabi.o)
    0x0800033c   0x0000008a   Code   RO         2968    .text               c_w.l(rt_memcpy_v6.o)
    0x080003c6   0x00000084   Code   RO         2970    .text               c_w.l(rt_memmove_v6.o)
    0x0800044a   0x00000002   PAD
    0x0800044c   0x00000008   Code   RO         3314    .text               c_w.l(rt_new_handler_addr_intlibspace.o)
    0x08000454   0x0000005e   Code   RO         3320    .text               c_w.l(h1_alloc.o)
    0x080004b2   0x0000004e   Code   RO         3322    .text               c_w.l(h1_free.o)
    0x08000500   0x00000014   Code   RO         3378    .text               c_w.l(fprintf.o)
    0x08000514   0x00000034   Code   RO         3380    .text               c_w.l(vsnprintf.o)
    0x08000548   0x0000003c   Code   RO         3382    .text               c_w.l(sscanf.o)
    0x08000584   0x00000016   Code   RO         3390    .text               c_w.l(abort.o)
    0x0800059a   0x00000048   Code   RO         3392    .text               c_w.l(strcpy.o)
    0x080005e2   0x00000016   Code   RO         3394    .text               c_w.l(strrchr.o)
    0x080005f8   0x0000003e   Code   RO         3396    .text               c_w.l(strlen.o)
    0x08000636   0x00000018   Code   RO         3398    .text               c_w.l(strcat.o)
    0x0800064e   0x00000064   Code   RO         3400    .text               c_w.l(rt_memcpy_w.o)
    0x080006b2   0x0000007a   Code   RO         3402    .text               c_w.l(rt_memmove_w.o)
    0x0800072c   0x00000004   Code   RO         3895    .text               cpprt_w.l(arm_newhandler_noexceptions.o)
    0x08000730   0x0000000e   Code   RO         3924    .text               cpprt_w.l(aeabi_vec_delete_noexceptions.o)
    0x0800073e   0x0000001a   Code   RO         3934    .text               cpprt_w.l(arm_exceptions_terminate.o)
    0x08000758   0x00000050   Code   RO         3937    .text               cpprt_w.l(arm_exceptions_globs.o)
    0x080007a8   0x0000000c   Code   RO         3948    .text               c_w.l(sys_exit.o)
    0x080007b4   0x00000008   Code   RO         3950    .text               c_w.l(libspace.o)
    0x080007bc   0x0000004a   Code   RO         3953    .text               c_w.l(sys_stackheap_outer.o)
    0x08000806   0x00000002   PAD
    0x08000808   0x00000010   Code   RO         3955    .text               c_w.l(rt_ctype_table.o)
    0x08000818   0x00000008   Code   RO         3960    .text               c_w.l(rt_heap_descriptor_intlibspace.o)
    0x08000820   0x00000008   Code   RO         3965    .text               c_w.l(rt_eh_globals_addr_intlibspace.o)
    0x08000828   0x00000004   Code   RO         3967    .text               c_w.l(hguard.o)
    0x0800082c   0x0000008a   Code   RO         3969    .text               c_w.l(init_alloc.o)
    0x080008b6   0x0000000e   Code   RO         3973    .text               c_w.l(h1_init.o)
    0x080008c4   0x0000004e   Code   RO         3989    .text               c_w.l(_printf_pad.o)
    0x08000912   0x00000024   Code   RO         3991    .text               c_w.l(_printf_truncate.o)
    0x08000936   0x00000052   Code   RO         3993    .text               c_w.l(_printf_str.o)
    0x08000988   0x00000078   Code   RO         3995    .text               c_w.l(_printf_dec.o)
    0x08000a00   0x00000028   Code   RO         3997    .text               c_w.l(_printf_charcount.o)
    0x08000a28   0x00000030   Code   RO         3999    .text               c_w.l(_printf_char_common.o)
    0x08000a58   0x0000000a   Code   RO         4001    .text               c_w.l(_sputc.o)
    0x08000a62   0x00000010   Code   RO         4003    .text               c_w.l(_snputc.o)
    0x08000a72   0x00000002   PAD
    0x08000a74   0x00000024   Code   RO         4005    .text               c_w.l(_printf_char_file.o)
    0x08000a98   0x000000bc   Code   RO         4007    .text               c_w.l(_printf_wctomb.o)
    0x08000b54   0x0000007c   Code   RO         4010    .text               c_w.l(_printf_longlong_dec.o)
    0x08000bd0   0x00000070   Code   RO         4016    .text               c_w.l(_printf_oct_int_ll.o)
    0x08000c40   0x00000094   Code   RO         4036    .text               c_w.l(_printf_hex_int_ll_ptr.o)
    0x08000cd4   0x00000188   Code   RO         4056    .text               c_w.l(__printf_flags_ss_wp.o)
    0x08000e5c   0x00000156   Code   RO         4082    .text               c_w.l(_scanf_longlong.o)
    0x08000fb2   0x0000014c   Code   RO         4084    .text               c_w.l(_scanf_int.o)
    0x080010fe   0x000000e0   Code   RO         4086    .text               c_w.l(_scanf_str.o)
    0x080011de   0x00000002   PAD
    0x080011e0   0x0000002c   Code   RO         4088    .text               c_w.l(scanf_char.o)
    0x0800120c   0x00000040   Code   RO         4090    .text               c_w.l(_sgetc.o)
    0x0800124c   0x00000114   Code   RO         4092    .text               c_w.l(_scanf_mbtowc.o)
    0x08001360   0x000000e8   Code   RO         4094    .text               c_w.l(_scanf_wctomb.o)
    0x08001448   0x000000d0   Code   RO         4096    .text               c_w.l(_scanf_wstr.o)
    0x08001518   0x00000138   Code   RO         4098    .text               c_w.l(initio.o)
    0x08001650   0x00000010   Code   RO         4102    .text               c_w.l(locale.o)
    0x08001660   0x0000000a   Code   RO         4114    .text               c_w.l(atexit_aeabi.o)
    0x0800166a   0x0000002e   Code   RO         4117    .text               c_w.l(aeabi_atexit.o)
    0x08001698   0x0000000e   Code   RO         4120    .text               c_w.l(defsig_abrt_outer.o)
    0x080016a6   0x00000008   Code   RO         4128    .text               c_w.l(memcpy.o)
    0x080016ae   0x00000002   PAD
    0x080016b0   0x00000080   Code   RO         4130    .text               c_w.l(strcmpv7m.o)
    0x08001730   0x0000003c   Code   RO         4257    .text               cpprt_w.l(arm_exceptions_mem.o)
    0x0800176c   0x00000066   Code   RO         4280    .text               c_w.l(sys_io.o)
    0x080017d2   0x00000002   Code   RO         4287    .text               c_w.l(use_no_semi.o)
    0x080017d4   0x00000000   Code   RO         4289    .text               c_w.l(indicate_semi.o)
    0x080017d4   0x00000008   Code   RO         4295    .text               c_w.l(rt_locale_intlibspace.o)
    0x080017dc   0x00000008   Code   RO         4300    .text               c_w.l(rt_ddtor_pointer_addr_intlibspace.o)
    0x080017e4   0x00000008   Code   RO         4305    .text               c_w.l(rt_errno_addr_intlibspace.o)
    0x080017ec   0x00000034   Code   RO         4311    .text               c_w.l(h1_extend.o)
    0x08001820   0x0000008a   Code   RO         4315    .text               c_w.l(lludiv10.o)
    0x080018aa   0x00000012   Code   RO         4317    .text               c_w.l(isspace.o)
    0x080018bc   0x000000b2   Code   RO         4325    .text               c_w.l(_printf_intcommon.o)
    0x0800196e   0x0000041a   Code   RO         4327    .text               c_w.l(_printf_fp_dec.o)
    0x08001d88   0x000002fc   Code   RO         4329    .text               c_w.l(_printf_fp_hex.o)
    0x08002084   0x0000002c   Code   RO         4334    .text               c_w.l(_printf_char.o)
    0x080020b0   0x0000002c   Code   RO         4336    .text               c_w.l(_printf_wchar.o)
    0x080020dc   0x0000001c   Code   RO         4339    .text               c_w.l(_chval.o)
    0x080020f8   0x00000374   Code   RO         4341    .text               c_w.l(_scanf.o)
    0x0800246c   0x000004a4   Code   RO         4343    .text               c_w.l(scanf_fp.o)
    0x08002910   0x0000001e   Code   RO         4347    .text               c_w.l(_scanf_wcharmap.o)
    0x0800292e   0x00000008   Code   RO         4349    .text               c_w.l(ferror.o)
    0x08002936   0x00000046   Code   RO         4355    .text               c_w.l(setvbuf.o)
    0x0800297c   0x000000ec   Code   RO         4358    .text               c_w.l(fopen.o)
    0x08002a68   0x0000004c   Code   RO         4360    .text               c_w.l(fclose.o)
    0x08002ab4   0x000001ac   Code   RO         4372    .text               c_w.l(locale_r.o)
    0x08002c60   0x0000003c   Code   RO         4374    .text               c_w.l(_mbrtowc.o)
    0x08002c9c   0x00000040   Code   RO         4376    .text               c_w.l(_wcrtomb.o)
    0x08002cdc   0x00000042   Code   RO         4386    .text               c_w.l(cxa_finalize.o)
    0x08002d1e   0x0000000a   Code   RO         4389    .text               c_w.l(defsig_exit.o)
    0x08002d28   0x00000030   Code   RO         4391    .text               c_w.l(defsig_abrt_inner.o)
    0x08002d58   0x0000000e   Code   RO         4393    .text               c_w.l(defsig_rtred_outer.o)
    0x08002d66   0x0000000e   Code   RO         4397    .text               c_w.l(defsig_rtmem_outer.o)
    0x08002d74   0x0000004e   Code   RO         4401    .text               c_w.l(rt_memclr_w.o)
    0x08002dc2   0x00000002   Code   RO         4422    .text               cpprt_w.l(arm_rethrow_noexceptions.o)
    0x08002dc4   0x00000022   Code   RO         4428    .text               cpprt_w.l(aeabi_vec_dtor_noexceptions.o)
    0x08002de6   0x00000002   PAD
    0x08002de8   0x00000080   Code   RO         4437    .text               c_w.l(_printf_fp_infnan.o)
    0x08002e68   0x000000dc   Code   RO         4441    .text               c_w.l(bigflt0.o)
    0x08002f44   0x000001d6   Code   RO         4466    .text               c_w.l(flsbuf.o)
    0x0800311a   0x00000002   PAD
    0x0800311c   0x000000f8   Code   RO         4468    .text               c_w.l(fseek.o)
    0x08003214   0x000000f0   Code   RO         4470    .text               c_w.l(stdio.o)
    0x08003304   0x00000032   Code   RO         4481    .text               c_w.l(defsig_general.o)
    0x08003336   0x00000002   PAD
    0x08003338   0x00000034   Code   RO         4483    .text               c_w.l(defsig_rtred_inner.o)
    0x0800336c   0x00000050   Code   RO         4485    .text               c_w.l(defsig_rtmem_inner.o)
    0x080033bc   0x0000000e   Code   RO         4519    .text               c_w.l(sys_wrch.o)
    0x080033ca   0x00000016   Code   RO         4525    .text               c_w.l(_rserrno.o)
    0x080033e0   0x00000318   Code   RO         4529    .text               c_w.l(scanf_hexfp.o)
    0x080036f8   0x00000134   Code   RO         4531    .text               c_w.l(scanf_infnan.o)
    0x0800382c   0x00000042   Code   RO         4535    .text               c_w.l(ftell.o)
    0x0800386e   0x0000001c   Code   RO         4545    .text               cpprt_w.l(ARM_vec_cleanup_noexceptions.o)
    0x0800388a   0x00000026   Code   RO         4556    .text               c_w.l(llshl.o)
    0x080038b0   0x0000003e   Code   RO         4444    CL$$btod_d2e        c_w.l(btod.o)
    0x080038ee   0x00000046   Code   RO         4446    CL$$btod_d2e_denorm_low  c_w.l(btod.o)
    0x08003934   0x00000060   Code   RO         4445    CL$$btod_d2e_norm_op1  c_w.l(btod.o)
    0x08003994   0x00000338   Code   RO         4454    CL$$btod_div_common  c_w.l(btod.o)
    0x08003ccc   0x00000054   Code   RO         4452    CL$$btod_e2d        c_w.l(btod.o)
    0x08003d20   0x000000c6   Code   RO         4451    CL$$btod_e2e        c_w.l(btod.o)
    0x08003de6   0x00000028   Code   RO         4448    CL$$btod_ediv       c_w.l(btod.o)
    0x08003e0e   0x00000028   Code   RO         4450    CL$$btod_edivd      c_w.l(btod.o)
    0x08003e36   0x00000028   Code   RO         4447    CL$$btod_emul       c_w.l(btod.o)
    0x08003e5e   0x00000028   Code   RO         4449    CL$$btod_emuld      c_w.l(btod.o)
    0x08003e86   0x00000244   Code   RO         4453    CL$$btod_mult_common  c_w.l(btod.o)
    0x080040ca   0x00000014   Code   RO         3662    i.<Func5>           cpp_ws.l(locale.o)
    0x080040de   0x00000010   Code   RO         1121    i.BKP_DeInit        stm32f10x_bkp.o
    0x080040ee   0x00000002   PAD
    0x080040f0   0x0000001c   Code   RO         1292    i.FLASH_PrefetchBufferCmd  stm32f10x_flash.o
    0x0800410c   0x00000018   Code   RO         1297    i.FLASH_SetLatency  stm32f10x_flash.o
    0x08004124   0x00000116   Code   RO         1467    i.GPIO_Init         stm32f10x_gpio.o
    0x0800423a   0x0000000a   Code   RO         1478    i.GPIO_WriteBit     stm32f10x_gpio.o
    0x08004244   0x00000070   Code   RO          837    i.NVIC_Init         misc.o
    0x080042b4   0x0000000c   Code   RO         1587    i.PWR_BackupAccessCmd  stm32f10x_pwr.o
    0x080042c0   0x00000020   Code   RO         1661    i.RCC_APB1PeriphClockCmd  stm32f10x_rcc.o
    0x080042e0   0x00000020   Code   RO         1663    i.RCC_APB2PeriphClockCmd  stm32f10x_rcc.o
    0x08004300   0x0000000c   Code   RO         1666    i.RCC_BackupResetCmd  stm32f10x_rcc.o
    0x0800430c   0x0000004c   Code   RO         1670    i.RCC_DeInit        stm32f10x_rcc.o
    0x08004358   0x0000003c   Code   RO         1672    i.RCC_GetFlagStatus  stm32f10x_rcc.o
    0x08004394   0x00000010   Code   RO         1674    i.RCC_GetSYSCLKSource  stm32f10x_rcc.o
    0x080043a4   0x00000018   Code   RO         1675    i.RCC_HCLKConfig    stm32f10x_rcc.o
    0x080043bc   0x0000004c   Code   RO         1676    i.RCC_HSEConfig     stm32f10x_rcc.o
    0x08004408   0x00000034   Code   RO         1679    i.RCC_LSEConfig     stm32f10x_rcc.o
    0x0800443c   0x00000018   Code   RO         1682    i.RCC_PCLK1Config   stm32f10x_rcc.o
    0x08004454   0x00000018   Code   RO         1683    i.RCC_PCLK2Config   stm32f10x_rcc.o
    0x0800446c   0x0000000c   Code   RO         1684    i.RCC_PLLCmd        stm32f10x_rcc.o
    0x08004478   0x0000001c   Code   RO         1685    i.RCC_PLLConfig     stm32f10x_rcc.o
    0x08004494   0x0000000c   Code   RO         1686    i.RCC_RTCCLKCmd     stm32f10x_rcc.o
    0x080044a0   0x00000010   Code   RO         1687    i.RCC_RTCCLKConfig  stm32f10x_rcc.o
    0x080044b0   0x00000018   Code   RO         1688    i.RCC_SYSCLKConfig  stm32f10x_rcc.o
    0x080044c8   0x00000038   Code   RO         1690    i.RCC_WaitForHSEStartUp  stm32f10x_rcc.o
    0x08004500   0x00000010   Code   RO         1872    i.RTC_ClearITPendingBit  stm32f10x_rtc.o
    0x08004510   0x00000014   Code   RO         1873    i.RTC_EnterConfigMode  stm32f10x_rtc.o
    0x08004524   0x00000014   Code   RO         1874    i.RTC_ExitConfigMode  stm32f10x_rtc.o
    0x08004538   0x00000014   Code   RO         1875    i.RTC_GetCounter    stm32f10x_rtc.o
    0x0800454c   0x00000024   Code   RO         1878    i.RTC_GetITStatus   stm32f10x_rtc.o
    0x08004570   0x00000060   Code   RO          713    i.RTC_IRQHandler    hw_irq.o
    0x080045d0   0x00000020   Code   RO         1879    i.RTC_ITConfig      stm32f10x_rtc.o
    0x080045f0   0x00000020   Code   RO         1882    i.RTC_SetPrescaler  stm32f10x_rtc.o
    0x08004610   0x00000014   Code   RO         1883    i.RTC_WaitForLastTask  stm32f10x_rtc.o
    0x08004624   0x00000024   Code   RO         1884    i.RTC_WaitForSynchro  stm32f10x_rtc.o
    0x08004648   0x00000018   Code   RO         1977    i.SPI_CalculateCRC  stm32f10x_spi.o
    0x08004660   0x00000018   Code   RO         1978    i.SPI_Cmd           stm32f10x_spi.o
    0x08004678   0x00000012   Code   RO         1986    i.SPI_I2S_GetFlagStatus  stm32f10x_spi.o
    0x0800468a   0x00000006   Code   RO         1989    i.SPI_I2S_ReceiveData  stm32f10x_spi.o
    0x08004690   0x00000004   Code   RO         1990    i.SPI_I2S_SendData  stm32f10x_spi.o
    0x08004694   0x0000003c   Code   RO         1991    i.SPI_Init          stm32f10x_spi.o
    0x080046d0   0x00000008   Code   RO         2738    i.SetSysClock       system_stm32f10x.o
    0x080046d8   0x000000e0   Code   RO         2739    i.SetSysClockTo72   system_stm32f10x.o
    0x080047b8   0x00000060   Code   RO         2741    i.SystemInit        system_stm32f10x.o
    0x08004818   0x00000004   Code   RO            4    i._Z11ExitHandlerv  main.o
    0x0800481c   0x00000020   Code   RO         4147    i._Z7catgetsPN4__rw8__rw_catEiiPKc  cpp_ws.l(rwcats.o)
    0x0800483c   0x00000022   Code   RO         4148    i._Z7catopenPKci    cpp_ws.l(rwcats.o)
    0x0800485e   0x0000001c   Code   RO          121    i._ZN11Application10LedWrapper10ClearPanelEv  ledwrapper.o
    0x0800487a   0x00000078   Code   RO          122    i._ZN11Application10LedWrapper13GetRgbByColorENS0_9eLedColorERbS2_S2_  ledwrapper.o
    0x080048f2   0x0000001c   Code   RO          123    i._ZN11Application10LedWrapper14InitLedWrapperEv  ledwrapper.o
    0x0800490e   0x00000002   PAD
    0x08004910   0x00000148   Code   RO          124    i._ZN11Application10LedWrapper14SetOrClearWordENS0_6eWordsEb  ledwrapper.o
    0x08004a58   0x000000f6   Code   RO          125    i._ZN11Application10LedWrapper15StartMatrixModeEv  ledwrapper.o
    0x08004b4e   0x00000002   PAD
    0x08004b50   0x00000038   Code   RO          126    i._ZN11Application10LedWrapper17SetAuthorModeLedsEv  ledwrapper.o
    0x08004b88   0x000000b0   Code   RO          127    i._ZN11Application10LedWrapper19SetOrClearSingleLEDEhhb  ledwrapper.o
    0x08004c38   0x0000000c   Code   RO          511    i._ZN11Application11DisplayMode11SetTimeModeEv  displaymode.o
    0x08004c44   0x00000014   Code   RO          512    i._ZN11Application11DisplayMode12SetEmptyModeEv  displaymode.o
    0x08004c58   0x00000014   Code   RO          513    i._ZN11Application11DisplayMode13SetAuthorModeEv  displaymode.o
    0x08004c6c   0x00000014   Code   RO          514    i._ZN11Application11DisplayMode19SetMatrixEffectModeEv  displaymode.o
    0x08004c80   0x00000058   Code   RO         3017    i._ZN37_INTERNAL_15_rwstdexcept_cpp_8697b68a4__rw13__rw_vfmatstrEPcjPKcSt9__va_list  cpp_ws.l(rwstdexcept.o)
    0x08004cd8   0x0000014c   Code   RO         3018    i._ZN37_INTERNAL_15_rwstdexcept_cpp_8697b68a4__rw13__rw_vfmatstrEPcjiSt9__va_list  cpp_ws.l(rwstdexcept.o)
    0x08004e24   0x0000005c   Code   RO         3020    i._ZN4__rw10__rw_throwEiz  cpp_ws.l(rwstdexcept.o)
    0x08004e80   0x00000020   Code   RO         2805    i._ZN4__rw13__rw_allocateEji  cpp_ws.l(rwalloc.o)
    0x08004ea0   0x00000004   Code   RO         2806    i._ZN4__rw15__rw_deallocateEPvji  cpp_ws.l(rwalloc.o)
    0x08004ea4   0x00000002   Code   RO         3609    i._ZN4__rw15__rw_facet_base12_C_initfacetERKSt6locale  cpp_ws.l(char.o)
    0x08004ea6   0x00000002   PAD
    0x08004ea8   0x000000ec   Code   RO         3765    i._ZN4__rw15__rw_locale_impC1EPKcjj  cpp_ws.l(locale.o)
    0x08004f94   0x0000001a   Code   RO         3803    i._ZN4__rw15__rw_locale_impD1Ev  cpp_ws.l(locale.o)
    0x08004fae   0x0000003a   Code   RO         3663    i._ZN4__rw21__rw_use_c_lib_localeC1EPKci  cpp_ws.l(locale.o)
    0x08004fe8   0x00000018   Code   RO         3579    i._ZN4__rw21__rw_use_c_lib_localeD1Ev  cpp_ws.l(char.o)
    0x08005000   0x00000098   Code   RO         4171    i._ZN4__rw25__rw_throw_exception_noexEiPc  cpp_ws.l(rwthrowproc_impl_noex.o)
    0x08005098   0x00000030   Code   RO         4151    i._ZN4__rw9__catfindEPNS_8__rw_catE  cpp_ws.l(rwcats.o)
    0x080050c8   0x0000000a   Code   RO          569    i._ZN6Driver5DelayEj  max7219.o
    0x080050d2   0x00000012   Code   RO          570    i._ZN6Driver7MAX721914WriteDataToBusEt  max7219.o
    0x080050e4   0x0000000e   Code   RO          571    i._ZN6Driver7MAX721916GetValueForDigitEh  max7219.o
    0x080050f2   0x00000002   PAD
    0x080050f4   0x00000068   Code   RO          572    i._ZN6Driver7MAX721917SendDataToAddressEthh  max7219.o
    0x0800515c   0x00000018   Code   RO          573    i._ZN6Driver7MAX721918GetMax7219ByNumberEh  max7219.o
    0x08005174   0x00000014   Code   RO          574    i._ZN6Driver7MAX721921SetOrClearBitForDigitEhhb  max7219.o
    0x08005188   0x0000006c   Code   RO          575    i._ZN6Driver7MAX72194InitEv  max7219.o
    0x080051f4   0x00000066   Code   RO          576    i._ZN6Driver7MAX72199ClearLEDsEv  max7219.o
    0x0800525a   0x00000004   Code   RO          636    i._ZN6Driver7MAX7219C1Eh  max7219.o
    0x0800525e   0x000000a6   Code   RO          689    i._ZN8Hardware6HW_RCC4InitEv  hw_rcc.o
    0x08005304   0x000000bc   Code   RO          805    i._ZN8Hardware6HW_RTC4InitEv  hw_rtc.o
    0x080053c0   0x0000002c   Code   RO          659    i._ZN8Hardware6HW_SPI13Transmit16BitEt  hw_spi.o
    0x080053ec   0x000000a4   Code   RO          660    i._ZN8Hardware6HW_SPI4InitEv  hw_spi.o
    0x08005490   0x00000004   Code   RO         3140    i._ZNKSt14__rw_exception4whatEv  cpp_ws.l(rwstdexcept.o)
    0x08005494   0x00000072   Code   RO         3840    i._ZNKSt18__rw_messages_base11_C_cat_openERKSsRKSt6locale  cpp_ws.l(messages.o)
    0x08005506   0x00000020   Code   RO         3843    i._ZNKSt18__rw_messages_base13_C_get_localeEi  cpp_ws.l(messages.o)
    0x08005526   0x00000034   Code   RO         3844    i._ZNKSt18__rw_messages_base14_C_get_messageEiii  cpp_ws.l(messages.o)
    0x0800555a   0x0000000e   Code   RO         3549    i._ZNKSt5ctypeIcE2isENSt10ctype_base4maskEc  cpp_ws.l(char.o)
    0x08005568   0x00000108   Code   RO         3668    i._ZNKSt6locale13_C_make_facetERKNS_2idEbiPFPN4__rw15__rw_facet_baseEiPKcjE  cpp_ws.l(locale.o)
    0x08005670   0x00000074   Code   RO         3670    i._ZNKSt6locale16_C_install_facetEPN4__rw15__rw_facet_baseERKNS_2idE  cpp_ws.l(locale.o)
    0x080056e4   0x00000030   Code   RO         3671    i._ZNKSt6locale4nameEv  cpp_ws.l(locale.o)
    0x08005714   0x0000000c   Code   RO         3524    i._ZNSt11char_traitsIcE4copyEPcPKcj  cpp_ws.l(char.o)
    0x08005720   0x000000cc   Code   RO         3410    i._ZNSt12ctype_bynameIcE17_C_get_mask_tableEPKc  cpp_ws.l(char.o)
    0x080057ec   0x00000120   Code   RO         3412    i._ZNSt12ctype_bynameIcEC1EPKcj  cpp_ws.l(char.o)
    0x0800590c   0x0000000e   Code   RO         3656    i._ZNSt12ctype_bynameIcED0Ev  cpp_ws.l(char.o)
    0x0800591a   0x00000008   Code   RO         3653    i._ZNSt12ctype_bynameIcED1Ev  cpp_ws.l(char.o)
    0x08005922   0x00000002   PAD
    0x08005924   0x00000084   Code   RO         3023    i._ZNSt14__rw_exception10_C_vformatEiSt9__va_list  cpp_ws.l(rwstdexcept.o)
    0x080059a8   0x00000014   Code   RO         3090    i._ZNSt14__rw_exceptionC1Ev  cpp_ws.l(rwstdexcept.o)
    0x080059bc   0x0000001c   Code   RO         3134    i._ZNSt14__rw_exceptionD1Ev  cpp_ws.l(rwstdexcept.o)
    0x080059d8   0x00000008   Code   RO         3087    i._ZNSt18__rw_messages_baseD1Ev  cpp_ws.l(rwstdexcept.o)
    0x080059e0   0x0000001a   Code   RO         3880    i._ZNSt18__rw_open_cat_dataC1Ev  cpp_ws.l(messages.o)
    0x080059fa   0x0000000c   Code   RO         3877    i._ZNSt18__rw_open_cat_dataD1Ev  cpp_ws.l(messages.o)
    0x08005a06   0x00000012   Code   RO         3883    i._ZNSt18__rw_open_cat_dataaSERKS_  cpp_ws.l(messages.o)
    0x08005a18   0x000000fa   Code   RO         3414    i._ZNSt5ctypeIcE12_C_initfacetERKSt6locale  cpp_ws.l(char.o)
    0x08005b12   0x00000002   PAD
    0x08005b14   0x00000118   Code   RO         3416    i._ZNSt5ctypeIcEC1EPKNSt10ctype_base4maskEbj  cpp_ws.l(char.o)
    0x08005c2c   0x0000000e   Code   RO         3552    i._ZNSt5ctypeIcED0Ev  cpp_ws.l(char.o)
    0x08005c3a   0x00000002   PAD
    0x08005c3c   0x0000002c   Code   RO         3481    i._ZNSt5ctypeIcED1Ev  cpp_ws.l(char.o)
    0x08005c68   0x0000000e   Code   RO         3131    i._ZNSt6locale5facetD0Ev  cpp_ws.l(rwstdexcept.o)
    0x08005c76   0x00000002   PAD
    0x08005c78   0x00000084   Code   RO         3674    i._ZNSt6locale7_C_initEv  cpp_ws.l(locale.o)
    0x08005cfc   0x00000044   Code   RO         3676    i._ZNSt6locale7classicEv  cpp_ws.l(locale.o)
    0x08005d40   0x00000020   Code   RO         3806    i._ZNSt6localeC1EPN4__rw15__rw_locale_impE  cpp_ws.l(locale.o)
    0x08005d60   0x0000000c   Code   RO         3886    i._ZNSt6localeC1ERKS_  cpp_ws.l(messages.o)
    0x08005d6c   0x00000020   Code   RO         3083    i._ZNSt6localeC1Ev  cpp_ws.l(rwstdexcept.o)
    0x08005d8c   0x00000020   Code   RO         3781    i._ZNSt6localeD1Ev  cpp_ws.l(locale.o)
    0x08005dac   0x00000032   Code   RO         3684    i._ZNSt6localeaSERKS_  cpp_ws.l(locale.o)
    0x08005dde   0x0000000e   Code   RO         3105    i._ZNSt8messagesIcED0Ev  cpp_ws.l(rwstdexcept.o)
    0x08005dec   0x00000010   Code   RO         3074    i._ZNSt8messagesIcED1Ev  cpp_ws.l(rwstdexcept.o)
    0x08005dfc   0x0000000c   Code   RO         3901    i._ZNSt9exceptionC1Ev  cpprt_w.l(exception_ctor.o)
    0x08005e08   0x0000003c   Code   RO         3861    i._ZSt13__rw_get_catsv  cpp_ws.l(messages.o)
    0x08005e44   0x00000008   Code   RO         3892    i._ZdaPv            cpprt_w.l(array_del.o)
    0x08005e4c   0x00000008   Code   RO         3143    i._ZdlPv            cpprt_w.l(delete.o)
    0x08005e54   0x00000008   Code   RO         2959    i._Znaj             cpprt_w.l(array_new.o)
    0x08005e5c   0x00000028   Code   RO         3146    i._Znwj             cpprt_w.l(new.o)
    0x08005e84   0x00000092   Code   RO         4489    i.__ARM_array_new_general  cpprt_w.l(array_new_general.o)
    0x08005f16   0x00000028   Code   RO         4511    i.__ARM_fpclassify  m_ws.l(fpclassify.o)
    0x08005f3e   0x00000010   Code   RO         4254    i.__aeabi_vec_dtor_cookie  cpprt_w.l(aeabi_vec_dtor_cookie.o)
    0x08005f4e   0x00000014   Code   RO         4251    i.__aeabi_vec_new_cookie  cpprt_w.l(aeabi_vec_new_cookie.o)
    0x08005f62   0x00000010   Code   RO         4239    i.__cxa_guard_acquire  cpprt_w.l(cxa_guard_acquire.o)
    0x08005f72   0x00000002   PAD
    0x08005f74   0x00000018   Code   RO         4425    i.__cxa_vec_new     cpprt_w.l(cxa_vec_new.o)
    0x08005f8c   0x0000000e   Code   RO         4600    i.__mathlib_dbl_overflow  m_ws.l(dunder.o)
    0x08005f9a   0x00000002   PAD
    0x08005f9c   0x00000010   Code   RO         4602    i.__mathlib_dbl_underflow  m_ws.l(dunder.o)
    0x08005fac   0x00000010   Code   RO         4513    i.__mathlib_narrow  m_ws.l(narrow.o)
    0x08005fbc   0x00000088   Code   RO         4514    i.__mathlib_tofloat  m_ws.l(narrow.o)
    0x08006044   0x00000010   Code   RO         3685    i.__sti___10_locale_cpp_ff99fc7b  cpp_ws.l(locale.o)
    0x08006054   0x00000038   Code   RO         4152    i.__sti___10_rwcats_cpp_64e8068e  cpp_ws.l(rwcats.o)
    0x0800608c   0x00000058   Code   RO          577    i.__sti___11_MAX7219_cpp_5408fa90  max7219.o
    0x080060e4   0x00000010   Code   RO         3418    i.__sti___8_char_cpp_a3dc957a  cpp_ws.l(char.o)
    0x080060f4   0x00000016   Code   RO         4583    i.__support_ldexp   m_ws.l(ldexp.o)
    0x0800610a   0x0000000e   Code   RO         4049    i._is_digit         c_w.l(__printf_wp.o)
    0x08006118   0x0000001a   Code   RO         4352    i.fputc             c_w.l(fputc.o)
    0x08006132   0x00000002   PAD
    0x08006134   0x00000058   Code   RO         4553    i.frexp             m_ws.l(frexp.o)
    0x0800618c   0x00000074   Code   RO         4584    i.ldexp             m_ws.l(ldexp.o)
    0x08006200   0x00000050   Code   RO            5    i.main              main.o
    0x08006250   0x0000002c   Code   RO         4379    locale$$code        c_w.l(lc_ctype_c.o)
    0x0800627c   0x0000002c   Code   RO         4477    locale$$code        c_w.l(lc_numeric_c.o)
    0x080062a8   0x00000014   Code   RO         3533    t._ZN4__rw12__string_refIcSt11char_traitsIcESaIcEE10_C_inc_refEv  cpp_ws.l(char.o)
    0x080062bc   0x00000046   Code   RO         3096    t._ZN4__rw16__rw_facet_makerISt5ctypeIcEE13_C_maker_funcEiPKcj  cpp_ws.l(rwstdexcept.o)
    0x08006302   0x0000001e   Code   RO          177    t._ZN4__rw17__rw_new_capacityISt4listIhSaIhEEEEjjPKT_  ledwrapper.o
    0x08006320   0x00000056   Code   RO         3784    t._ZN4__rw18__rw_locale_vectorIPNS_15__rw_facet_baseEE6resizeEjRKS2_  cpp_ws.l(locale.o)
    0x08006376   0x0000000e   Code   RO         3796    t._ZN4__rw18__rw_locale_vectorIPNS_15__rw_facet_baseEED1Ev  cpp_ws.l(locale.o)
    0x08006384   0x0000000e   Code   RO         4168    t._ZN4__rw18__rw_locale_vectorIPNS_8__rw_catEED1Ev  cpp_ws.l(rwcats.o)
    0x08006392   0x00000002   PAD
    0x08006394   0x00000014   Code   RO         3799    t._ZN4__rw18__rw_locale_vectorISsED1Ev  cpp_ws.l(locale.o)
    0x080063a8   0x00000088   Code   RO         3867    t._ZN4__rw18__rw_locale_vectorISt18__rw_open_cat_dataE6resizeEj  cpp_ws.l(messages.o)
    0x08006430   0x00000014   Code   RO         3873    t._ZN4__rw18__rw_locale_vectorISt18__rw_open_cat_dataED1Ev  cpp_ws.l(messages.o)
    0x08006444   0x00000012   Code   RO          231    t._ZNKSt14__rw_list_iterIhiPhRhEeqERKS2_  ledwrapper.o
    0x08006456   0x00000014   Code   RO          237    t._ZNKSt14__rw_list_iterIhiPhRhEneERKS2_  ledwrapper.o
    0x0800646a   0x00000002   PAD
    0x0800646c   0x00000090   Code   RO         3068    t._ZNKSt8messagesIcE6do_getEiiiRKSs  cpp_ws.l(rwstdexcept.o)
    0x080064fc   0x00000006   Code   RO         3093    t._ZNKSt8messagesIcE7do_openERKSsRKSt6locale  cpp_ws.l(rwstdexcept.o)
    0x08006502   0x00000014   Code   RO          201    t._ZNSaINSt4listIhSaIhEE19_C_list_node_bufferEE10deallocateEPS2_j  ledwrapper.o
    0x08006516   0x00000032   Code   RO         3753    t._ZNSs11_C_allocateEjjj  cpp_ws.l(locale.o)
    0x08006548   0x00000018   Code   RO         3793    t._ZNSs7replaceEjjPKcj  cpp_ws.l(locale.o)
    0x08006560   0x00000168   Code   RO         3471    t._ZNSs7replaceEjjPKcjjj  cpp_ws.l(char.o)
    0x080066c8   0x00000074   Code   RO         3459    t._ZNSs9_C_getRepEjj  cpp_ws.l(char.o)
    0x0800673c   0x00000048   Code   RO         3468    t._ZNSs9_C_unlinkEv  cpp_ws.l(char.o)
    0x08006784   0x00000038   Code   RO         3756    t._ZNSsC1EPKcRKSaIcE  cpp_ws.l(locale.o)
    0x080067bc   0x00000010   Code   RO         3790    t._ZNSsC1ERKSaIcE   cpp_ws.l(locale.o)
    0x080067cc   0x0000003e   Code   RO         3462    t._ZNSsC1ERKSs      cpp_ws.l(char.o)
    0x0800680a   0x0000000c   Code   RO         3542    t._ZNSsD1Ev         cpp_ws.l(char.o)
    0x08006816   0x00000002   PAD
    0x08006818   0x0000004c   Code   RO         3762    t._ZNSsaSEPKc       cpp_ws.l(locale.o)
    0x08006864   0x0000003e   Code   RO         3759    t._ZNSsaSERKSs      cpp_ws.l(locale.o)
    0x080068a2   0x00000006   Code   RO          225    t._ZNSt14__rw_list_iterIhiPhRhEC1ERKS2_  ledwrapper.o
    0x080068a8   0x0000002e   Code   RO          195    t._ZNSt4listIhSaIhEE11_C_get_nodeEb  ledwrapper.o
    0x080068d6   0x00000008   Code   RO          261    t._ZNSt4listIhSaIhEE11_C_put_nodeEPSt14__rw_list_nodeIhE  ledwrapper.o
    0x080068de   0x0000000c   Code   RO          255    t._ZNSt4listIhSaIhEE12_C_make_iterERKPSt14__rw_list_nodeIhE  ledwrapper.o
    0x080068ea   0x00000076   Code   RO          183    t._ZNSt4listIhSaIhEE13_C_add_bufferEb  ledwrapper.o
    0x08006960   0x00000044   Code   RO          189    t._ZNSt4listIhSaIhEE15_C_free_buffersEv  ledwrapper.o
    0x080069a4   0x00000014   Code   RO          213    t._ZNSt4listIhSaIhEE3endEv  ledwrapper.o
    0x080069b8   0x00000012   Code   RO          219    t._ZNSt4listIhSaIhEE5beginEv  ledwrapper.o
    0x080069ca   0x00000074   Code   RO          267    t._ZNSt4listIhSaIhEE5eraseESt14__rw_list_iterIhiPhRhE  ledwrapper.o
    0x08006a3e   0x00000062   Code   RO          249    t._ZNSt4listIhSaIhEE6insertESt14__rw_list_iterIhiPhRhERKh  ledwrapper.o
    0x08006aa0   0x00000034   Code   RO          207    t._ZNSt4listIhSaIhEEC1ERKS0_  ledwrapper.o
    0x08006ad4   0x00000078   Code   RO          243    t._ZNSt4listIhSaIhEED1Ev  ledwrapper.o
    0x08006b4c   0x0000000c   Code   RO         3536    t._ZSt3maxIjERKT_S2_S2_  cpp_ws.l(char.o)
    0x08006b58   0x00000062   Code   RO         4548    x$fpl$d2f           fz_ws.l(d2f.o)
    0x08006bba   0x00000002   PAD
    0x08006bbc   0x00000010   Code   RO         4594    x$fpl$dcheck1       fz_ws.l(dcheck1.o)
    0x08006bcc   0x00000018   Code   RO         4495    x$fpl$dcmpinf       fz_ws.l(dcmpi.o)
    0x08006be4   0x00000078   Code   RO         4431    x$fpl$deqf          fz_ws.l(deqf.o)
    0x08006c5c   0x00000078   Code   RO         4433    x$fpl$dleqf         fz_ws.l(dleqf.o)
    0x08006cd4   0x0000009c   Code   RO         4497    x$fpl$dnaninf       fz_ws.l(dnaninf.o)
    0x08006d70   0x0000006c   Code   RO         4550    x$fpl$drleqf        fz_ws.l(drleqf.o)
    0x08006ddc   0x0000000a   Code   RO         4578    x$fpl$fretinf       fz_ws.l(fretinf.o)
    0x08006de6   0x00000004   Code   RO         4270    x$fpl$printf1       fz_ws.l(printf1.o)
    0x08006dea   0x00000004   Code   RO         4272    x$fpl$printf2       fz_ws.l(printf2.o)
    0x08006dee   0x00000064   Code   RO         4623    x$fpl$retnan        fz_ws.l(retnan.o)
    0x08006e52   0x0000005c   Code   RO         4580    x$fpl$scalbn        fz_ws.l(scalbn.o)
    0x08006eae   0x00000004   Code   RO         4278    x$fpl$scanf1        fz_ws.l(scanf1.o)
    0x08006eb2   0x00000008   Code   RO         4504    x$fpl$scanf2        fz_ws.l(scanf2.o)
    0x08006eba   0x00000030   Code   RO         4627    x$fpl$trapveneer    fz_ws.l(trapv.o)
    0x08006eea   0x00000000   Code   RO         4510    x$fpl$usenofp       fz_ws.l(usenofp.o)
    0x08006eea   0x000000dc   Data   RO          549    .constdata          lookuptable.o
    0x08006fc6   0x00000002   PAD
    0x08006fc8   0x0000005c   Data   RO         3043    .constdata          cpp_ws.l(rwstdexcept.o)
    0x08007024   0x00000200   Data   RO         3438    .constdata          cpp_ws.l(char.o)
    0x08007224   0x00000008   Data   RO         4008    .constdata          c_w.l(_printf_wctomb.o)
    0x0800722c   0x00000028   Data   RO         4037    .constdata          c_w.l(_printf_hex_int_ll_ptr.o)
    0x08007254   0x00000011   Data   RO         4057    .constdata          c_w.l(__printf_flags_ss_wp.o)
    0x08007265   0x00000004   Data   RO         4281    .constdata          c_w.l(sys_io.o)
    0x08007269   0x00000004   Data   RO         4282    .constdata          c_w.l(sys_io.o)
    0x0800726d   0x00000004   Data   RO         4283    .constdata          c_w.l(sys_io.o)
    0x08007271   0x00000026   Data   RO         4330    .constdata          c_w.l(_printf_fp_hex.o)
    0x08007297   0x00000001   PAD
    0x08007298   0x00000094   Data   RO         4442    .constdata          c_w.l(bigflt0.o)
    0x0800732c   0x00000014   Data   RO         3119    .constdata__ZTVNSt6locale5facetE  cpp_ws.l(rwstdexcept.o)
    0x08007340   0x00000034   Data   RO         3620    .constdata__ZTVSt12ctype_bynameIcE  cpp_ws.l(char.o)
    0x08007374   0x00000014   Data   RO         3121    .constdata__ZTVSt14__rw_exception  cpp_ws.l(rwstdexcept.o)
    0x08007388   0x00000034   Data   RO         3449    .constdata__ZTVSt5ctypeIcE  cpp_ws.l(char.o)
    0x080073bc   0x00000020   Data   RO         3056    .constdata__ZTVSt8messagesIcE  cpp_ws.l(rwstdexcept.o)
    0x080073dc   0x00000014   Data   RO         3911    .constdata__ZTVSt9exception  cpprt_w.l(exception_dtor.o)
    0x080073f0   0x00000001   Data   RO         3750    .constdata__ZZNK4__rw15__rw_locale_imp16_C_category_nameEiEs  cpp_ws.l(locale.o)
    0x080073f1   0x00000001   Data   RO         3457    .constdata__ZZNSs7replaceEjjPKcjjjEs  cpp_ws.l(char.o)
    0x080073f2   0x00000001   Data   RO         3458    .constdata__ZZNSs9_C_getRepEjjEs  cpp_ws.l(char.o)
    0x080073f3   0x00000002   Data   RO         3057    .constdata__ZZNSt8messagesIcEC1EjEs  cpp_ws.l(rwstdexcept.o)
    0x080073f5   0x00000003   PAD
    0x080073f8   0x00000272   Data   RO         3044    .conststring        cpp_ws.l(rwstdexcept.o)
    0x0800766a   0x00000002   PAD
    0x0800766c   0x00000020   Data   RO         4629    Region$$Table       anon$$obj.o
    0x0800768c   0x00000008   Data   RO         4499    c$$dinf             fz_ws.l(fpconst.o)
    0x08007694   0x00000110   Data   RO         4378    locale$$data        c_w.l(lc_ctype_c.o)
    0x080077a4   0x00000010   Data   RO         4472    locale$$data        c_w.l(null_locale.o)
    0x080077b4   0x0000001c   Data   RO         4476    locale$$data        c_w.l(lc_numeric_c.o)
    0x080077d0   0x00000004   Data   RO          588    .init_array         max7219.o
    0x080077d4   0x00000000   Data   RO         2800    .init_array         c_w.l(init_aeabi.o)
    0x080077d4   0x00000004   Data   RO         3440    .init_array         cpp_ws.l(char.o)
    0x080077d8   0x00000004   Data   RO         3733    .init_array         cpp_ws.l(locale.o)
    0x080077dc   0x00000004   Data   RO         4162    .init_array         cpp_ws.l(rwcats.o)


    Execution Region ER_RW (Base: 0x20000000, Size: 0x00000068, Max: 0xffffffff, ABSOLUTE)

    Base Addr    Size         Type   Attr      Idx    E Section Name        Object

    0x20000000   0x00000001   Data   RW          135    .data               ledwrapper.o
    0x20000001   0x00000001   Data   RW          519    .data               displaymode.o
    0x20000002   0x00000002   PAD
    0x20000004   0x00000017   Data   RW         3045    .data               cpp_ws.l(rwstdexcept.o)
    0x2000001b   0x00000001   PAD
    0x2000001c   0x00000004   Data   RW         3387    .data               c_w.l(stdio_streams.o)
    0x20000020   0x00000004   Data   RW         3388    .data               c_w.l(stdio_streams.o)
    0x20000024   0x00000004   Data   RW         3389    .data               c_w.l(stdio_streams.o)
    0x20000028   0x00000008   Data   RW         3439    .data               cpp_ws.l(char.o)
    0x20000030   0x0000001c   Data   RW         3732    .data               cpp_ws.l(locale.o)
    0x2000004c   0x00000004   Data   RW         3891    .data               cpp_ws.l(rwthrowproc_noex.o)
    0x20000050   0x00000008   Data   RW         4161    .data               cpp_ws.l(rwcats.o)
    0x20000058   0x00000004   Data   RW         3833    .data__ZZNKSt6locale2id7_C_initEvE9_C_id_gen  cpp_ws.l(locale.o)
    0x2000005c   0x0000000c   Data   RW         3889    .data__ZZSt13__rw_get_catsvE11__open_cats  cpp_ws.l(messages.o)


    Execution Region ER_ZI (Base: 0x20000068, Size: 0x00000928, Max: 0xffffffff, ABSOLUTE)

    Base Addr    Size         Type   Attr      Idx    E Section Name        Object

    0x20000068   0x00000038   Zero   RW          587    .bss                max7219.o
    0x200000a0   0x0000002c   Zero   RW          714    .bss                hw_irq.o
    0x200000cc   0x0000002c   Zero   RW          807    .bss                hw_rtc.o
    0x200000f8   0x000000e4   Zero   RW         2785    .bss                c_w.l(rand.o)
    0x200001dc   0x00000004   PAD
    0x200001e0   0x00000018   Zero   RW         3042    .bss                cpp_ws.l(rwstdexcept.o)
    0x200001f8   0x00000054   Zero   RW         3384    .bss                c_w.l(stdio_streams.o)
    0x2000024c   0x00000054   Zero   RW         3385    .bss                c_w.l(stdio_streams.o)
    0x200002a0   0x00000054   Zero   RW         3386    .bss                c_w.l(stdio_streams.o)
    0x200002f4   0x00000060   Zero   RW         3951    .bss                c_w.l(libspace.o)
    0x20000354   0x0000002a   Zero   RW         4103    .bss                c_w.l(locale.o)
    0x2000037e   0x00000002   PAD
    0x20000380   0x00000010   Zero   RW         4235    .bss__ZNSs9__nullrefE  cpp_ws.l(vendor.o)
    0x20000390   0x00000200   Zero   RW         2729    HEAP                startup_stm32f10x_md.o
    0x20000590   0x00000400   Zero   RW         2728    STACK               startup_stm32f10x_md.o


==============================================================================

Image component sizes


      Code (inc. data)   RO Data    RW Data    ZI Data      Debug   Object Name

        72         22          0          1          0       2800   displaymode.o
        96          6          0          0         44     234009   hw_irq.o
       166          0          0          0          0        476   hw_rcc.o
       188          4          0          0         44       1572   hw_rtc.o
       208         14          0          0          0        976   hw_spi.o
      1752         56          0          1          0      36869   ledwrapper.o
         0          0        220          0          0        660   lookuptable.o
        84          8          0          0          0     227450   main.o
       492         20          4          0         56       5868   max7219.o
       112         12          0          0          0       1120   misc.o
        64         26        236          0       1536        800   startup_stm32f10x_md.o
        16          0          0          0          0        509   stm32f10x_bkp.o
        52         12          0          0          0       1145   stm32f10x_flash.o
       288          0          0          0          0       2664   stm32f10x_gpio.o
        12          6          0          0          0        538   stm32f10x_pwr.o
       576         94          0          0          0      12086   stm32f10x_rcc.o
       232         44          0          0          0       4831   stm32f10x_rtc.o
       136          0          0          0          0       4605   stm32f10x_spi.o
       328         28          0          0          0       1917   system_stm32f10x.o

    ----------------------------------------------------------------------
      4884        352        494          4       1680     540895   Object Totals
         0          0         32          0          0          0   (incl. Generated)
        10          0          2          2          0          0   (incl. Padding)

    ----------------------------------------------------------------------

      Code (inc. data)   RO Data    RW Data    ZI Data      Debug   Library Member Name

         8          0          0          0          0         68   __main.o
       392          4         17          0          0         92   __printf_flags_ss_wp.o
        14          0          0          0          0         68   __printf_wp.o
         0          0          0          0          0          0   __rtentry.o
        12          0          0          0          0          0   __rtentry2.o
         6          0          0          0          0          0   __rtentry4.o
        52          8          0          0          0          0   __scatter.o
        26          0          0          0          0          0   __scatter_copy.o
        28          0          0          0          0          0   __scatter_zi.o
        28          0          0          0          0         68   _chval.o
        60          0          0          0          0         92   _mbrtowc.o
         6          0          0          0          0          0   _printf_a.o
         6          0          0          0          0          0   _printf_c.o
        44          0          0          0          0        108   _printf_char.o
        48          6          0          0          0         96   _printf_char_common.o
        36          4          0          0          0         80   _printf_char_file.o
        40          0          0          0          0         68   _printf_charcount.o
         6          0          0          0          0          0   _printf_d.o
       120         16          0          0          0         92   _printf_dec.o
         6          0          0          0          0          0   _printf_e.o
         6          0          0          0          0          0   _printf_f.o
      1050          0          0          0          0        216   _printf_fp_dec.o
       764         10         38          0          0        100   _printf_fp_hex.o
       128         16          0          0          0         84   _printf_fp_infnan.o
         6          0          0          0          0          0   _printf_g.o
       148          4         40          0          0        160   _printf_hex_int_ll_ptr.o
         6          0          0          0          0          0   _printf_i.o
       178          0          0          0          0         88   _printf_intcommon.o
        10          0          0          0          0          0   _printf_l.o
         6          0          0          0          0          0   _printf_lc.o
        10          0          0          0          0          0   _printf_ll.o
         6          0          0          0          0          0   _printf_lld.o
         6          0          0          0          0          0   _printf_lli.o
         6          0          0          0          0          0   _printf_llo.o
         6          0          0          0          0          0   _printf_llu.o
         6          0          0          0          0          0   _printf_llx.o
       124         16          0          0          0         92   _printf_longlong_dec.o
         6          0          0          0          0          0   _printf_ls.o
         6          0          0          0          0          0   _printf_n.o
         6          0          0          0          0          0   _printf_o.o
       112          8          0          0          0        124   _printf_oct_int_ll.o
         6          0          0          0          0          0   _printf_p.o
        78          0          0          0          0        108   _printf_pad.o
         0          0          0          0          0          0   _printf_percent.o
         4          0          0          0          0          0   _printf_percent_end.o
         6          0          0          0          0          0   _printf_s.o
        82          0          0          0          0         80   _printf_str.o
        36          0          0          0          0         84   _printf_truncate.o
         6          0          0          0          0          0   _printf_u.o
        44          0          0          0          0        108   _printf_wchar.o
       188          6          8          0          0         92   _printf_wctomb.o
         6          0          0          0          0          0   _printf_x.o
        22          0          0          0          0        100   _rserrno.o
       884          6          0          0          0        100   _scanf.o
       332          0          0          0          0         96   _scanf_int.o
       342          0          0          0          0        100   _scanf_longlong.o
       276          0          0          0          0        100   _scanf_mbtowc.o
       224          0          0          0          0         96   _scanf_str.o
        30          0          0          0          0         76   _scanf_wcharmap.o
       232          0          0          0          0        100   _scanf_wctomb.o
       208          0          0          0          0         96   _scanf_wstr.o
        64          0          0          0          0         84   _sgetc.o
        16          0          0          0          0         68   _snputc.o
        10          0          0          0          0         68   _sputc.o
        64          0          0          0          0         92   _wcrtomb.o
        22          0          0          0          0         80   abort.o
        46          0          0          0          0         84   aeabi_atexit.o
        10          0          0          0          0         68   atexit_aeabi.o
       220          4        148          0          0         96   bigflt0.o
      2074        132          0          0          0        940   btod.o
        66          0          0          0          0         84   cxa_finalize.o
        48         34          0          0          0         76   defsig_abrt_inner.o
        14          0          0          0          0         80   defsig_abrt_outer.o
        10          0          0          0          0         68   defsig_exit.o
        50          0          0          0          0         88   defsig_general.o
        80         58          0          0          0         76   defsig_rtmem_inner.o
        14          0          0          0          0         80   defsig_rtmem_outer.o
        52         38          0          0          0         76   defsig_rtred_inner.o
        14          0          0          0          0         80   defsig_rtred_outer.o
        18          0          0          0          0         80   exit.o
        76          0          0          0          0         88   fclose.o
         8          0          0          0          0         68   ferror.o
       470          0          0          0          0         88   flsbuf.o
       236          4          0          0          0        128   fopen.o
        20          0          0          0          0         84   fprintf.o
        26          0          0          0          0         68   fputc.o
       248          6          0          0          0         84   fseek.o
        66          0          0          0          0         76   ftell.o
        94          0          0          0          0         80   h1_alloc.o
        52          0          0          0          0         68   h1_extend.o
        78          0          0          0          0         80   h1_free.o
        14          0          0          0          0         84   h1_init.o
         6          0          0          0          0        152   heapauxi.o
         4          0          0          0          0        136   hguard.o
         0          0          0          0          0          0   indicate_semi.o
        36         10          0          0          0         80   init_aeabi.o
       138          0          0          0          0        168   init_alloc.o
       312         46          0          0          0        112   initio.o
        18          0          0          0          0         76   isspace.o
        44         10        272          0          0         76   lc_ctype_c.o
        44         10         28          0          0         76   lc_numeric_c.o
         2          0          0          0          0          0   libinit.o
        50          0          0          0          0          0   libinit2.o
         2          0          0          0          0          0   libshutdown.o
        12          0          0          0          0          0   libshutdown2.o
         8          4          0          0         96         68   libspace.o
        38          0          0          0          0         68   llshl.o
       138          0          0          0          0         80   lludiv10.o
        16          6          0          0         42         68   locale.o
       428         10          0          0          0        188   locale_r.o
         0          0          0          0          0          0   maybetermalloc1.o
         8          0          0          0          0         76   memcpy.o
         0          0         16          0          0          0   null_locale.o
       112         18          0          0        228        160   rand.o
        16          4          0          0          0         76   rt_ctype_table.o
         8          4          0          0          0         68   rt_ddtor_pointer_addr_intlibspace.o
         8          4          0          0          0         68   rt_eh_globals_addr_intlibspace.o
         8          4          0          0          0         68   rt_errno_addr_intlibspace.o
         8          4          0          0          0         68   rt_heap_descriptor_intlibspace.o
         8          4          0          0          0         68   rt_locale_intlibspace.o
        78          0          0          0          0         80   rt_memclr_w.o
       138          0          0          0          0         68   rt_memcpy_v6.o
       100          0          0          0          0         80   rt_memcpy_w.o
       132          0          0          0          0         68   rt_memmove_v6.o
       122          0          0          0          0         80   rt_memmove_w.o
         8          4          0          0          0         68   rt_new_handler_addr_intlibspace.o
         2          0          0          0          0          0   rtexit.o
        10          0          0          0          0          0   rtexit2.o
        44          8          0          0          0         84   scanf_char.o
      1188         12          0          0          0        148   scanf_fp.o
       792         14          0          0          0        100   scanf_hexfp.o
       308         16          0          0          0        100   scanf_infnan.o
        70          0          0          0          0         80   setvbuf.o
        60          8          0          0          0         84   sscanf.o
       240          6          0          0          0        156   stdio.o
         0          0          0         12        252          0   stdio_streams.o
        24          0          0          0          0         68   strcat.o
       128          0          0          0          0         68   strcmpv7m.o
        72          0          0          0          0         80   strcpy.o
        62          0          0          0          0         76   strlen.o
        22          0          0          0          0         68   strrchr.o
        12          4          0          0          0         68   sys_exit.o
       102          0         12          0          0        240   sys_io.o
        74          0          0          0          0         80   sys_stackheap_outer.o
        14          0          0          0          0         76   sys_wrch.o
         2          0          0          0          0         68   use_no_semi.o
        52          4          0          0          0         80   vsnprintf.o
      1824         74        622          8          0       1552   char.o
      1502         82          5         32          0       1760   locale.o
       482         34          0         12          0        784   messages.o
        36          0          0          0          0        144   rwalloc.o
       184         24          4          8          0        400   rwcats.o
      1000         68        792         23         24       1220   rwstdexcept.o
       152         94          0          0          0         72   rwthrowproc_impl_noex.o
         0          0          0          4          0          0   rwthrowproc_noex.o
         0          0          0          0         16          0   vendor.o
        28          0          0          0          0         84   ARM_vec_cleanup_noexceptions.o
        14          0          0          0          0         80   aeabi_vec_delete_noexceptions.o
        16          0          0          0          0         68   aeabi_vec_dtor_cookie.o
        34          0          0          0          0         84   aeabi_vec_dtor_noexceptions.o
        20          0          0          0          0         80   aeabi_vec_new_cookie.o
        80         12          0          0          0        104   arm_exceptions_globs.o
        60          0          0          0          0        108   arm_exceptions_mem.o
        26          0          0          0          0         76   arm_exceptions_terminate.o
         4          0          0          0          0         68   arm_newhandler_noexceptions.o
         2          0          0          0          0         68   arm_rethrow_noexceptions.o
         8          0          0          0          0         76   array_del.o
         8          0          0          0          0         76   array_new.o
       146          0          0          0          0         96   array_new_general.o
        16          0          0          0          0         68   cxa_guard_acquire.o
        24          6          0          0          0         84   cxa_vec_new.o
         8          0          0          0          0         76   delete.o
        12          6          0          0          0         68   exception_ctor.o
         0          0         20          0          0          0   exception_dtor.o
        40          6          0          0          0         76   new.o
        98          4          0          0          0         92   d2f.o
        16          4          0          0          0         68   dcheck1.o
        24          0          0          0          0         68   dcmpi.o
       120          4          0          0          0         92   deqf.o
       120          4          0          0          0         92   dleqf.o
       156          4          0          0          0         92   dnaninf.o
       108          0          0          0          0         80   drleqf.o
         0          0          8          0          0          0   fpconst.o
        10          0          0          0          0         68   fretinf.o
         4          0          0          0          0         68   printf1.o
         4          0          0          0          0         68   printf2.o
       100          0          0          0          0         68   retnan.o
        92          0          0          0          0         68   scalbn.o
         4          0          0          0          0         68   scanf1.o
         8          0          0          0          0         84   scanf2.o
        48          0          0          0          0         68   trapv.o
         0          0          0          0          0          0   usenofp.o
        30          6          0          0          0        136   dunder.o
        40          0          0          0          0         68   fpclassify.o
        88          8          0          0          0         76   frexp.o
       138          0          0          0          0        160   ldexp.o
       152          4          0          0          0        168   narrow.o

    ----------------------------------------------------------------------
     23274       1038       2036        100        664      19688   Library Totals
        40          0          6          1          6          0   (incl. Padding)

    ----------------------------------------------------------------------

      Code (inc. data)   RO Data    RW Data    ZI Data      Debug   Library Name

     16148        594        579         12        618      10564   c_w.l
      5180        376       1423         87         40       5932   cpp_ws.l
       546         30         20          0          0       1440   cpprt_w.l
       912         20          8          0          0       1144   fz_ws.l
       448         18          0          0          0        608   m_ws.l

    ----------------------------------------------------------------------
     23274       1038       2036        100        664      19688   Library Totals

    ----------------------------------------------------------------------

==============================================================================


      Code (inc. data)   RO Data    RW Data    ZI Data      Debug   

     28158       1390       2530        104       2344     544303   Grand Totals
     28158       1390       2530        104       2344     544303   ELF Image Totals
     28158       1390       2530        104          0          0   ROM Totals

==============================================================================

    Total RO  Size (Code + RO Data)                30688 (  29.97kB)
    Total RW  Size (RW Data + ZI Data)              2448 (   2.39kB)
    Total ROM Size (Code + RO Data + RW Data)      30792 (  30.07kB)

==============================================================================

